<html>
<body>
<pre>
<h1>µVision Build Log</h1>
<h2>Tool Versions:</h2>
IDE-Version: µVision V5.29.0.0
Copyright (C) 2019 ARM Ltd and ARM Germany GmbH. All rights reserved.
License Information: atef ahmed, sprints, LIC=----
 
Tool Versions:
Toolchain:       MDK-Lite  Version: 5.29.0.0
Toolchain Path:  C:\Keil_v5\ARM\ARMCC\Bin
C Compiler:      Armcc.exe V5.06 update 6 (build 750)
Assembler:       Armasm.exe V5.06 update 6 (build 750)
Linker/Locator:  ArmLink.exe V5.06 update 6 (build 750)
Library Manager: ArmAr.exe V5.06 update 6 (build 750)
Hex Converter:   FromElf.exe V5.06 update 6 (build 750)
CPU DLL:         SARM.DLL V5.29.0.0
Dialog DLL:      DARMP.DLL V1.53.0.0
Target DLL:      UL2ARM.DLL V1.74.10.0
Dialog DLL:      TARMP.DLL V1.53.0.0
 
<h2>Project:</h2>
C:\Users\atef\Desktop\sprints_BC\SPRINTS_Edf_Scheduler_OS\FreeRTOS\Demo\ARM7_LPC2129_Keil_RVDS\RTOSDemo.uvproj
Project File Date:  07/13/2023

<h2>Output:</h2>
*** Using Compiler 'V5.06 update 6 (build 750)', folder: 'C:\Keil_v5\ARM\ARMCC\Bin'
Rebuild target 'RTOSDemo_THUMB'
assembling serialISR.s...
compiling ParTest.c...
assembling Startup.s...
compiling GPIO.c...
..\Starter_Files_V1\source\GPIO.c(49): warning:  #127-D: expected a statement
  		}
..\Starter_Files_V1\source\GPIO.c: 1 warning, 0 errors
compiling GPIO_cfg.c...
compiling main.c...
..\Starter_Files_V1\source\main.c(103): warning:  #177-D: variable "message"  was declared but never referenced
  		 const char *message = "\n FIRST TASK IS SENDING A STRING\0";
..\Starter_Files_V1\source\main.c(104): warning:  #177-D: variable "i"  was declared but never referenced
    	 int i ;
..\Starter_Files_V1\source\main.c(105): warning:  #177-D: variable "j"  was declared but never referenced
  		 int j;
..\Starter_Files_V1\source\main.c(261): warning:  #191-D: type qualifier is meaningless on cast type
  			  vSerialPutString((const signed char * const)UART_str, 12);
..\Starter_Files_V1\source\main.c: 4 warnings, 0 errors
compiling serial.c...
..\Starter_Files_V1\source\serial.c(185): warning:  #550-D: variable "cChar"  was set but never used
  signed char cChar;
..\Starter_Files_V1\source\serial.c: 1 warning, 0 errors
compiling list.c...
compiling tasks.c...
compiling port.c...
compiling queue.c...
compiling heap_2.c...
assembling portASM.s...
linking...
Program Size: Code=10456 RO-data=32 RW-data=208 ZI-data=15376  
FromELF: creating hex file...
".\bin\RTOSDemo.axf" - 0 Error(s), 6 Warning(s).
Build Time Elapsed:  00:00:03
</pre>
</body>
</html>
