<html>
<body>
<pre>
<h1>µVision Build Log</h1>
<h2>Tool Versions:</h2>
IDE-Version: µVision V5.29.0.0
Copyright (C) 2019 ARM Ltd and ARM Germany GmbH. All rights reserved.
License Information: Sharpel M, Na, LIC=----
 
Tool Versions:
Toolchain:       MDK-Lite  Version: 5.29.0.0
Toolchain Path:  C:\Keil_v5\ARM\ARMCC\Bin
C Compiler:      Armcc.exe V5.06 update 6 (build 750)
Assembler:       Armasm.exe V5.06 update 6 (build 750)
Linker/Locator:  ArmLink.exe V5.06 update 6 (build 750)
Library Manager: ArmAr.exe V5.06 update 6 (build 750)
Hex Converter:   FromElf.exe V5.06 update 6 (build 750)
CPU DLL:         SARM.DLL V5.29.0.0
Dialog DLL:      DARMP.DLL V1.53.0.0
Target DLL:      UL2ARM.DLL V1.74.10.0
Dialog DLL:      TARMP.DLL V1.53.0.0
 
<h2>Project:</h2>
D:\sprints\Rtos\SPRINTS_Edf_Scheduler_OS\FreeRTOS\Demo\ARM7_LPC2129_Keil_RVDS\RTOSDemo.uvproj
Project File Date:  07/14/2023

<h2>Output:</h2>
*** Using Compiler 'V5.06 update 6 (build 750)', folder: 'C:\Keil_v5\ARM\ARMCC\Bin'
Rebuild target 'RTOSDemo_THUMB'
compiling GPIO.c...
assembling serialISR.s...
assembling Startup.s...
compiling ParTest.c...
compiling GPIO_cfg.c...
compiling serial.c...
..\Starter_Files_V1\source\serial.c(185): warning:  #550-D: variable "cChar"  was set but never used
  signed char cChar;
..\Starter_Files_V1\source\serial.c: 1 warning, 0 errors
compiling main.c...
..\Starter_Files_V1\source\main.c(149): warning:  #188-D: enumerated type mixed with another type
  	GPIO_toggle(PORT_0,TICK_PIN);
..\Starter_Files_V1\source\main.c(227): warning:  #167-D: argument of type "void *" is incompatible with parameter of type "TaskHookFunction_t"
    vTaskSetApplicationTaskTag( NULL, ( void * ) UART_TRANSMITTER_PIN );
..\Starter_Files_V1\source\main.c(281): warning:  #111-D: statement is unreachable
  	 vTaskDelete(Load_1_Task_Handler);
..\Starter_Files_V1\source\main.c(308): warning:  #111-D: statement is unreachable
  	 vTaskDelete(Load_2_Task_Handler);
..\Starter_Files_V1\source\main.c(391): warning:  #167-D: argument of type "void *" is incompatible with parameter of type "TaskHookFunction_t"
      vTaskSetApplicationTaskTag( PeriodicTransmitterHandler, ( void * ) UART_TRANSMITTER_PIN );
..\Starter_Files_V1\source\main.c(392): warning:  #167-D: argument of type "void *" is incompatible with parameter of type "TaskHookFunction_t"
  	  vTaskSetApplicationTaskTag( btnTwoEdgeScanningTask_Handler, ( void * ) BTN2_PIN );
..\Starter_Files_V1\source\main.c(393): warning:  #167-D: argument of type "void *" is incompatible with parameter of type "TaskHookFunction_t"
  	  vTaskSetApplicationTaskTag( btnOneEdgeScanningTask_Handler, ( void * ) BTN1_PIN );
..\Starter_Files_V1\source\main.c(394): warning:  #167-D: argument of type "void *" is incompatible with parameter of type "TaskHookFunction_t"
  		vTaskSetApplicationTaskTag( UartReceiverHandler, ( void * ) RECIEVER_PIN );
..\Starter_Files_V1\source\main.c(395): warning:  #167-D: argument of type "void *" is incompatible with parameter of type "TaskHookFunction_t"
  		vTaskSetApplicationTaskTag( Load_1_Task_Handler, ( void * ) T1_LOAD_PIN );
..\Starter_Files_V1\source\main.c(396): warning:  #167-D: argument of type "void *" is incompatible with parameter of type "TaskHookFunction_t"
  		vTaskSetApplicationTaskTag( Load_2_Task_Handler, ( void * ) T2_LOAD_PIN );
..\Starter_Files_V1\source\main.c: 10 warnings, 0 errors
compiling list.c...
compiling tasks.c...
..\..\Source\tasks.c(2244): warning:  #188-D: enumerated type mixed with another type
  		traceTASK_SWITCHED_IN();
..\..\Source\tasks.c(3203): warning:  #188-D: enumerated type mixed with another type
  		traceTASK_SWITCHED_OUT();
..\..\Source\tasks.c(3255): warning:  #188-D: enumerated type mixed with another type
  		traceTASK_SWITCHED_IN();
..\..\Source\tasks.c(3618): warning:  #167-D: argument of type "void *" is incompatible with parameter of type "TaskHookFunction_t"
  	vTaskSetApplicationTaskTag( NULL, ( void * ) IDLE_PIN );
..\..\Source\tasks.c: 4 warnings, 0 errors
compiling port.c...
compiling queue.c...
compiling heap_2.c...
assembling portASM.s...
linking...
Program Size: Code=15484 RO-data=32 RW-data=312 ZI-data=15376  
FromELF: creating hex file...
".\bin\RTOSDemo.axf" - 0 Error(s), 15 Warning(s).
Build Time Elapsed:  00:00:02
</pre>
</body>
</html>
