Component: ARM Compiler 5.06 update 6 (build 750) Tool: armlink [4d35ed]

==============================================================================

Section Cross References

    startup.o(STACK) refers (Special) to heapauxi.o(.text) for __use_two_region_memory
    startup.o(HEAP) refers (Special) to heapauxi.o(.text) for __use_two_region_memory
    startup.o(RESET) refers (Special) to heapauxi.o(.text) for __use_two_region_memory
    startup.o(RESET) refers to portasm.o(PORT_ASM) for vPortYieldProcessor
    startup.o(RESET) refers to startup.o(STACK) for Stack_Top
    startup.o(RESET) refers to __main.o(!!!main) for __main
    startup.o(.text) refers (Special) to heapauxi.o(.text) for __use_two_region_memory
    startup.o(.text) refers to startup.o(HEAP) for Heap_Mem
    startup.o(.text) refers to startup.o(STACK) for Stack_Mem
    serialisr.o(.text) refers to port.o(.data) for ulCriticalNesting
    serialisr.o(.text) refers to tasks.o(.data) for pxCurrentTCB
    serialisr.o(.text) refers to serial.o(.text) for vUART_ISRHandler
    gpio.o(.text) refers to gpio_cfg.o(.data) for PinConfig_array
    main.o(.text) refers to tasks.o(.text) for xTaskGetTickCount
    main.o(.text) refers to gpio.o(.text) for GPIO_read
    main.o(.text) refers to queue.o(.text) for xQueueGenericSend
    main.o(.text) refers to strlen.o(.text) for strlen
    main.o(.text) refers to serial.o(.text) for vSerialPutString
    main.o(.text) refers to main.o(.data) for xUARTQueue
    serial.o(.text) refers to aeabi_sdiv.o(.text_udiv) for __aeabi_uidivmod
    serial.o(.text) refers to serialisr.o(.text) for vUART_ISREntry
    serial.o(.text) refers to serial.o(.data) for isNewCharAvailable
    serial.o(.text) refers to serial.o(.bss) for txBuffer
    tasks.o(.text) refers to _printf_percent.o(.ARM.Collect$$_printf_percent$$00000000) for _printf_percent
    tasks.o(.text) refers to _printf_u.o(.ARM.Collect$$_printf_percent$$0000000A) for _printf_u
    tasks.o(.text) refers to _printf_c.o(.ARM.Collect$$_printf_percent$$00000013) for _printf_c
    tasks.o(.text) refers to _printf_dec.o(.text) for _printf_int_dec
    tasks.o(.text) refers to _printf_str.o(.text) for _printf_str
    tasks.o(.text) refers to list.o(.text) for vListInitialise
    tasks.o(.text) refers to port.o(.text) for vPortEnterCritical
    tasks.o(.text) refers to portasm.o(PORT_ASM) for vPortYield
    tasks.o(.text) refers to aeabi_memset.o(.text) for __aeabi_memset
    tasks.o(.text) refers to heap_2.o(.text) for pvPortMalloc
    tasks.o(.text) refers to tasks.o(.bss) for xReadyTasksListEDF
    tasks.o(.text) refers to tasks.o(.data) for pxDelayedTaskList
    tasks.o(.text) refers to main.o(.data) for u32_gl_BTN1_out_time
    tasks.o(.text) refers to gpio.o(.text) for GPIO_write
    tasks.o(.text) refers to fflt_noclz.o(x$fpl$ffltu) for __aeabi_ui2f
    tasks.o(.text) refers to fdiv.o(x$fpl$fdiv) for __aeabi_fdiv
    tasks.o(.text) refers to fmul.o(x$fpl$fmul) for __aeabi_fmul
    tasks.o(.text) refers to tasks.o(i.__ARM_common_disable_irq) for __ARM_common_disable_irq
    tasks.o(.text) refers to tasks.o(i.__ARM_common_call_via_r1) for __ARM_common_call_via_r1
    tasks.o(.text) refers to strcpy.o(.text) for strcpy
    tasks.o(.text) refers to strlen.o(.text) for strlen
    tasks.o(.text) refers to tasks.o(i.__ARM_common_switch8) for __ARM_common_switch8
    tasks.o(.text) refers to noretval__2sprintf.o(.text) for __2sprintf
    tasks.o(.text) refers to aeabi_sdiv.o(.text_udiv) for __aeabi_uidivmod
    queue.o(.text) refers to port.o(.text) for vPortEnterCritical
    queue.o(.text) refers to tasks.o(.text) for xTaskRemoveFromEventList
    queue.o(.text) refers to portasm.o(PORT_ASM) for vPortYield
    queue.o(.text) refers to list.o(.text) for vListInitialise
    queue.o(.text) refers to heap_2.o(.text) for pvPortMalloc
    queue.o(.text) refers to rt_memcpy.o(.text) for __aeabi_memcpy
    port.o(.text) refers to portasm.o(PORT_ASM) for vPortStartFirstTask
    port.o(.text) refers to tasks.o(i.__ARM_common_disable_irq) for __ARM_common_disable_irq
    port.o(.text) refers to port.o(i.__ARM_common_enable_irq) for __ARM_common_enable_irq
    port.o(.text) refers to port.o(.data) for ulCriticalNesting
    heap_2.o(.text) refers to tasks.o(.text) for vTaskSuspendAll
    heap_2.o(.text) refers to heap_2.o(.bss) for ucHeap
    heap_2.o(.text) refers to heap_2.o(.data) for xStart
    portasm.o(PORT_ASM) refers to tasks.o(.data) for pxCurrentTCB
    portasm.o(PORT_ASM) refers to port.o(.data) for ulCriticalNesting
    portasm.o(PORT_ASM) refers to tasks.o(.text) for vTaskSwitchContext
    __2sprintf.o(.text) refers to _printf_char_common.o(.text) for _printf_char_common
    __2sprintf.o(.text) refers to _sputc.o(.text) for _sputc
    noretval__2sprintf.o(.text) refers to _printf_char_common.o(.text) for _printf_char_common
    noretval__2sprintf.o(.text) refers to _sputc.o(.text) for _sputc
[...]
    __rtentry2.o(.ARM.exidx) refers to __rtentry2.o(.ARM.Collect$$rtentry$$0000000A) for .ARM.Collect$$rtentry$$0000000A
    __rtentry2.o(.ARM.exidx) refers to __rtentry2.o(.ARM.Collect$$rtentry$$0000000B) for .ARM.Collect$$rtentry$$0000000B
    __rtentry2.o(.ARM.exidx) refers to __rtentry2.o(.ARM.Collect$$rtentry$$0000000D) for .ARM.Collect$$rtentry$$0000000D
    __rtentry4.o(.ARM.Collect$$rtentry$$00000004) refers to sys_stackheap_outer.o(.text) for __user_setup_stackheap
    __rtentry4.o(.ARM.exidx) refers to __rtentry4.o(.ARM.Collect$$rtentry$$00000004) for .ARM.Collect$$rtentry$$00000004
    rt_div0.o(.text) refers to defsig_fpe_outer.o(.text) for __rt_SIGFPE
    __printf_nopercent.o(.text) refers to __printf_nopercent.o(i.__ARM_common_call_via_r7) for __ARM_common_call_via_r7
    __printf_nopercent.o(.text) refers to __printf_nopercent.o(i.__ARM_common_call_via_r5) for __ARM_common_call_via_r5
    sys_stackheap_outer.o(.text) refers to libspace.o(.text) for __user_perproc_libspace
    sys_stackheap_outer.o(.text) refers to startup.o(.text) for __user_initial_stackheap
    exit.o(.text) refers to rtexit.o(.ARM.Collect$$rtexit$$00000000) for __rt_exit
    defsig_fpe_outer.o(.text) refers to defsig_fpe_inner.o(.text) for __rt_SIGFPE_inner
    defsig_fpe_outer.o(.text) refers to defsig_exit.o(.text) for __sig_exit
    defsig_fpe_formal.o(.text) refers to rt_raise.o(.text) for __rt_raise
    libinit.o(.ARM.Collect$$libinit$$00000000) refers (Special) to libinit2.o(.ARM.Collect$$libinit$$0000002E) for __rt_lib_init_alloca_1
    libinit.o(.ARM.Collect$$libinit$$00000000) refers (Special) to libinit2.o(.ARM.Collect$$libinit$$0000002C) for __rt_lib_init_argv_1
    libinit.o(.ARM.Collect$$libinit$$00000000) refers (Special) to libinit2.o(.ARM.Collect$$libinit$$0000001B) for __rt_lib_init_atexit_1
    libinit.o(.ARM.Collect$$libinit$$00000000) refers (Special) to libinit2.o(.ARM.Collect$$libinit$$00000021) for __rt_lib_init_clock_1
    libinit.o(.ARM.Collect$$libinit$$00000000) refers (Special) to libinit2.o(.ARM.Collect$$libinit$$00000032) for __rt_lib_init_cpp_1
    libinit.o(.ARM.Collect$$libinit$$00000000) refers (Special) to libinit2.o(.ARM.Collect$$libinit$$00000030) for __rt_lib_init_exceptions_1
    libinit.o(.ARM.Collect$$libinit$$00000000) refers (Special) to libinit2.o(.ARM.Collect$$libinit$$00000002) for __rt_lib_init_fp_1
    libinit.o(.ARM.Collect$$libinit$$00000000) refers (Special) to libinit2.o(.ARM.Collect$$libinit$$0000001F) for __rt_lib_init_fp_trap_1
    libinit.o(.ARM.Collect$$libinit$$00000000) refers (Special) to libinit2.o(.ARM.Collect$$libinit$$00000023) for __rt_lib_init_getenv_1
    libinit.o(.ARM.Collect$$libinit$$00000000) refers (Special) to libinit2.o(.ARM.Collect$$libinit$$0000000A) for __rt_lib_init_heap_1
    libinit.o(.ARM.Collect$$libinit$$00000000) refers (Special) to libinit2.o(.ARM.Collect$$libinit$$00000011) for __rt_lib_init_lc_collate_1
    libinit.o(.ARM.Collect$$libinit$$00000000) refers (Special) to libinit2.o(.ARM.Collect$$libinit$$00000013) for __rt_lib_init_lc_ctype_1
    libinit.o(.ARM.Collect$$libinit$$00000000) refers (Special) to libinit2.o(.ARM.Collect$$libinit$$00000015) for __rt_lib_init_lc_monetary_1
    libinit.o(.ARM.Collect$$libinit$$00000000) refers (Special) to libinit2.o(.ARM.Collect$$libinit$$00000017) for __rt_lib_init_lc_numeric_1
    libinit.o(.ARM.Collect$$libinit$$00000000) refers (Special) to libinit2.o(.ARM.Collect$$libinit$$00000019) for __rt_lib_init_lc_time_1
    libinit.o(.ARM.Collect$$libinit$$00000000) refers (Special) to libinit2.o(.ARM.Collect$$libinit$$00000004) for __rt_lib_init_preinit_1
    libinit.o(.ARM.Collect$$libinit$$00000000) refers (Special) to libinit2.o(.ARM.Collect$$libinit$$0000000E) for __rt_lib_init_rand_1
    libinit.o(.ARM.Collect$$libinit$$00000000) refers (Special) to libinit2.o(.ARM.Collect$$libinit$$00000033) for __rt_lib_init_return
    libinit.o(.ARM.Collect$$libinit$$00000000) refers (Special) to libinit2.o(.ARM.Collect$$libinit$$0000001D) for __rt_lib_init_signal_1
    libinit.o(.ARM.Collect$$libinit$$00000000) refers (Special) to libinit2.o(.ARM.Collect$$libinit$$00000025) for __rt_lib_init_stdio_1
    libinit.o(.ARM.Collect$$libinit$$00000000) refers (Special) to libinit2.o(.ARM.Collect$$libinit$$0000000C) for __rt_lib_init_user_alloc_1
    libspace.o(.text) refers to libspace.o(.bss) for __libspace_start
    rtexit.o(.ARM.Collect$$rtexit$$00000000) refers (Special) to rtexit2.o(.ARM.Collect$$rtexit$$00000004) for __rt_exit_exit
    rtexit.o(.ARM.Collect$$rtexit$$00000000) refers (Special) to rtexit2.o(.ARM.Collect$$rtexit$$00000003) for __rt_exit_ls
    rtexit.o(.ARM.Collect$$rtexit$$00000000) refers (Special) to rtexit2.o(.ARM.Collect$$rtexit$$00000002) for __rt_exit_prels_1
    rtexit.o(.ARM.exidx) refers (Special) to rtexit2.o(.ARM.Collect$$rtexit$$00000004) for __rt_exit_exit
    rtexit.o(.ARM.exidx) refers (Special) to rtexit2.o(.ARM.Collect$$rtexit$$00000003) for __rt_exit_ls
    rtexit.o(.ARM.exidx) refers (Special) to rtexit2.o(.ARM.Collect$$rtexit$$00000002) for __rt_exit_prels_1
    rtexit.o(.ARM.exidx) refers to rtexit.o(.ARM.Collect$$rtexit$$00000000) for .ARM.Collect$$rtexit$$00000000
    rt_raise.o(.text) refers to __raise.o(.text) for __raise
    rt_raise.o(.text) refers to sys_exit.o(.text) for _sys_exit
    defsig_exit.o(.text) refers to sys_exit.o(.text) for _sys_exit
    defsig_fpe_inner.o(.text) refers to defsig_general.o(.text) for __default_signal_display
    libinit2.o(.ARM.Collect$$libinit$$00000001) refers to fpinit.o(x$fpl$fpinit) for _fp_init
    libinit2.o(.ARM.Collect$$libinit$$00000010) refers to libinit2.o(.ARM.Collect$$libinit$$0000000F) for .ARM.Collect$$libinit$$0000000F
    libinit2.o(.ARM.Collect$$libinit$$00000012) refers to libinit2.o(.ARM.Collect$$libinit$$0000000F) for .ARM.Collect$$libinit$$0000000F
    libinit2.o(.ARM.Collect$$libinit$$00000014) refers to libinit2.o(.ARM.Collect$$libinit$$0000000F) for .ARM.Collect$$libinit$$0000000F
    libinit2.o(.ARM.Collect$$libinit$$00000016) refers to libinit2.o(.ARM.Collect$$libinit$$0000000F) for .ARM.Collect$$libinit$$0000000F
    libinit2.o(.ARM.Collect$$libinit$$00000018) refers to libinit2.o(.ARM.Collect$$libinit$$0000000F) for .ARM.Collect$$libinit$$0000000F
    libinit2.o(.ARM.Collect$$libinit$$00000026) refers to argv_veneer.o(.emb_text) for __ARM_argv_veneer
    libinit2.o(.ARM.Collect$$libinit$$00000027) refers to argv_veneer.o(.emb_text) for __ARM_argv_veneer
    sys_exit.o(.text) refers (Special) to use_no_semi.o(.text) for __I$use$semihosting
    sys_exit.o(.text) refers (Special) to indicate_semi.o(.text) for __semihosting_library_function
    rtexit2.o(.ARM.Collect$$rtexit$$00000003) refers to libshutdown.o(.ARM.Collect$$libshutdown$$00000000) for __rt_lib_shutdown
    rtexit2.o(.ARM.Collect$$rtexit$$00000004) refers to sys_exit.o(.text) for _sys_exit
    rtexit2.o(.ARM.exidx) refers to rtexit2.o(.ARM.Collect$$rtexit$$00000001) for .ARM.Collect$$rtexit$$00000001
    rtexit2.o(.ARM.exidx) refers to rtexit2.o(.ARM.Collect$$rtexit$$00000003) for .ARM.Collect$$rtexit$$00000003
    rtexit2.o(.ARM.exidx) refers to rtexit2.o(.ARM.Collect$$rtexit$$00000004) for .ARM.Collect$$rtexit$$00000004
    __raise.o(.text) refers to __printf.o(i.__ARM_common_call_via_r2) for __ARM_common_call_via_r2
    __raise.o(.text) refers to defsig.o(CL$$defsig) for __default_signal_handler
    defsig_general.o(.text) refers to sys_wrch.o(.text) for _ttywrch
    argv_veneer.o(.emb_text) refers to no_argv.o(.text) for __ARM_get_argv
    sys_wrch.o(.text) refers (Special) to use_no_semi.o(.text) for __I$use$semihosting
    sys_wrch.o(.text) refers (Special) to indicate_semi.o(.text) for __semihosting_library_function
    defsig.o(CL$$defsig) refers to defsig_fpe_inner.o(.text) for __rt_SIGFPE_inner
    defsig.o(CL$$defsig) refers to defsig_rtmem_inner.o(.text) for __rt_SIGRTMEM_inner
    _get_argv_nomalloc.o(.text) refers (Special) to hrguard.o(.text) for __heap_region$guard
    _get_argv_nomalloc.o(.text) refers to defsig_rtmem_outer.o(.text) for __rt_SIGRTMEM
    _get_argv_nomalloc.o(.text) refers to sys_command.o(.text) for _sys_command_string
    libshutdown.o(.ARM.Collect$$libshutdown$$00000000) refers (Special) to libshutdown2.o(.ARM.Collect$$libshutdown$$00000002) for __rt_lib_shutdown_cpp_1
    libshutdown.o(.ARM.Collect$$libshutdown$$00000000) refers (Special) to libshutdown2.o(.ARM.Collect$$libshutdown$$00000007) for __rt_lib_shutdown_fp_trap_1
    libshutdown.o(.ARM.Collect$$libshutdown$$00000000) refers (Special) to libshutdown2.o(.ARM.Collect$$libshutdown$$0000000F) for __rt_lib_shutdown_heap_1
    libshutdown.o(.ARM.Collect$$libshutdown$$00000000) refers (Special) to libshutdown2.o(.ARM.Collect$$libshutdown$$00000010) for __rt_lib_shutdown_return
    libshutdown.o(.ARM.Collect$$libshutdown$$00000000) refers (Special) to libshutdown2.o(.ARM.Collect$$libshutdown$$0000000A) for __rt_lib_shutdown_signal_1
    libshutdown.o(.ARM.Collect$$libshutdown$$00000000) refers (Special) to libshutdown2.o(.ARM.Collect$$libshutdown$$00000004) for __rt_lib_shutdown_stdio_1
    libshutdown.o(.ARM.Collect$$libshutdown$$00000000) refers (Special) to libshutdown2.o(.ARM.Collect$$libshutdown$$0000000C) for __rt_lib_shutdown_user_alloc_1
    sys_command.o(.text) refers (Special) to use_no_semi.o(.text) for __I$use$semihosting
    sys_command.o(.text) refers (Special) to indicate_semi.o(.text) for __semihosting_library_function
    defsig_abrt_inner.o(.text) refers to defsig_general.o(.text) for __default_signal_display
    defsig_rtred_inner.o(.text) refers to defsig_general.o(.text) for __default_signal_display
    defsig_rtmem_inner.o(.text) refers to defsig_general.o(.text) for __default_signal_display
    defsig_rtmem_outer.o(.text) refers to defsig_rtmem_inner.o(.text) for __rt_SIGRTMEM_inner
    defsig_rtmem_outer.o(.text) refers to defsig_exit.o(.text) for __sig_exit
    defsig_rtmem_formal.o(.text) refers to rt_raise.o(.text) for __rt_raise
    defsig_stak_inner.o(.text) refers to defsig_general.o(.text) for __default_signal_display
    defsig_pvfn_inner.o(.text) refers to defsig_general.o(.text) for __default_signal_display
    defsig_cppl_inner.o(.text) refers to defsig_general.o(.text) for __default_signal_display
    defsig_segv_inner.o(.text) refers to defsig_general.o(.text) for __default_signal_display
    defsig_other.o(.text) refers to defsig_general.o(.text) for __default_signal_display


==============================================================================

Removing Unused input sections from the image.

    Removing partest.o(.text), (80 bytes).

1 unused section(s) (total 80 bytes) removed from the image.

==============================================================================

Adding Veneers to the image

    Adding TA veneer (4 bytes, Inline) for call to '_printf_percent' from __printf.o(.text).
    Adding AT veneer (8 bytes, Inline) for call to '__rt_lib_init' from __rtentry2.o(.ARM.Collect$$rtentry$$0000000A).
    Adding AT veneer (8 bytes, Inline) for call to '__rt_lib_shutdown' from rtexit2.o(.ARM.Collect$$rtexit$$00000003).
    Adding TA veneer (4 bytes, Inline) for call to '__rt_exit' from exit.o(.text).
    Adding AT veneer (8 bytes, Inline) for call to '_printf_int_dec' from _printf_u.o(.ARM.Collect$$_printf_percent$$0000000A).
    Adding TA veneer (4 bytes, Inline) for call to '__aeabi_memcpy' from queue.o(.text).
    Adding TA veneer (4 bytes, Inline) for call to '__aeabi_memset' from tasks.o(.text).
    Adding AT veneer (8 bytes, Inline) for call to '_printf_char' from _printf_c.o(.ARM.Collect$$_printf_percent$$00000013).
    Adding TA veneer (4 bytes, Inline) for call to '__rt_udiv10' from _printf_dec.o(.text).
    Adding AT veneer (8 bytes, Inline) for call to '_sys_exit' from rtexit2.o(.ARM.Collect$$rtexit$$00000004).
    Adding TA veneer (4 bytes, Inline) for call to '__aeabi_uidivmod' from serial.o(.text).
    Adding TA veneer (4 bytes, Inline) for call to 'vPortStartFirstTask' from port.o(.text).
    Adding TA veneer (8 bytes, Short) for call to 'vPortYield' from tasks.o(.text).
    Adding TA veneer (4 bytes, Inline) for call to '__ARM_common_disable_irq' from tasks.o(.text).
    Adding TA veneer (4 bytes, Inline) for call to '__ARM_common_enable_irq' from port.o(.text).
    Adding TA veneer (4 bytes, Inline) for call to '__ARM_common_switch8' from tasks.o(.text).
    Adding TA veneer (4 bytes, Inline) for call to '__aeabi_fdiv' from tasks.o(.text).
    Adding TA veneer (4 bytes, Inline) for call to '__aeabi_ui2f' from tasks.o(.text).
    Adding TA veneer (4 bytes, Inline) for call to '__aeabi_fmul' from tasks.o(.text).

19 Veneer(s) (total 100 bytes) added to the image.

==============================================================================

Image Symbol Table

    Local Symbols

    Symbol Name                              Value     Ov Type        Size  Object(Section)

    RESET                                    0x00000000   Section      260  startup.o(RESET)
    ../clib/angel/boardlib.s                 0x00000000   Number         0  boardinit3.o ABSOLUTE
    ../clib/angel/boardlib.s                 0x00000000   Number         0  boardshut.o ABSOLUTE
    ../clib/angel/boardlib.s                 0x00000000   Number         0  boardinit2.o ABSOLUTE
    ../clib/angel/boardlib.s                 0x00000000   Number         0  boardinit1.o ABSOLUTE
    ../clib/angel/dczerorl.s                 0x00000000   Number         0  __dczerorl.o ABSOLUTE
    ../clib/angel/handlers.s                 0x00000000   Number         0  __scatter_zi.o ABSOLUTE
    ../clib/angel/kernel.s                   0x00000000   Number         0  rtexit.o ABSOLUTE
    ../clib/angel/kernel.s                   0x00000000   Number         0  __rtentry2.o ABSOLUTE
    ../clib/angel/kernel.s                   0x00000000   Number         0  __rtentry4.o ABSOLUTE
    ../clib/angel/kernel.s                   0x00000000   Number         0  rtexit2.o ABSOLUTE
    ../clib/angel/kernel.s                   0x00000000   Number         0  __rtentry.o ABSOLUTE
    ../clib/angel/rt.s                       0x00000000   Number         0  rt_div0.o ABSOLUTE
    ../clib/angel/rt.s                       0x00000000   Number         0  aeabi_idiv0_sigfpe.o ABSOLUTE
    ../clib/angel/rt.s                       0x00000000   Number         0  aeabi_idiv0.o ABSOLUTE
    ../clib/angel/rt.s                       0x00000000   Number         0  rt_raise.o ABSOLUTE
    ../clib/angel/scatter.s                  0x00000000   Number         0  __scatter.o ABSOLUTE
    ../clib/angel/startup.s                  0x00000000   Number         0  __main.o ABSOLUTE
    ../clib/angel/sys.s                      0x00000000   Number         0  indicate_semi.o ABSOLUTE
    ../clib/angel/sys.s                      0x00000000   Number         0  libspace.o ABSOLUTE
    ../clib/angel/sys.s                      0x00000000   Number         0  sys_stackheap_outer.o ABSOLUTE
    ../clib/angel/sys.s                      0x00000000   Number         0  use_no_semi.o ABSOLUTE
    ../clib/angel/sysapp.c                   0x00000000   Number         0  sys_wrch.o ABSOLUTE
    ../clib/angel/sysapp.c                   0x00000000   Number         0  sys_exit.o ABSOLUTE
    ../clib/angel/sysapp.c                   0x00000000   Number         0  sys_command.o ABSOLUTE
    ../clib/armsys.c                         0x00000000   Number         0  argv_veneer.o ABSOLUTE
    ../clib/armsys.c                         0x00000000   Number         0  argv_veneer.o ABSOLUTE
    ../clib/armsys.c                         0x00000000   Number         0  no_argv.o ABSOLUTE
    ../clib/armsys.c                         0x00000000   Number         0  _get_argv_nomalloc.o ABSOLUTE
    ../clib/division.s                       0x00000000   Number         0  rtudiv10.o ABSOLUTE
    ../clib/division.s                       0x00000000   Number         0  aeabi_sdiv_div0.o ABSOLUTE
    ../clib/division.s                       0x00000000   Number         0  aeabi_sdiv.o ABSOLUTE
    ../clib/divrt.s                          0x00000000   Number         0  divrt_7tdmi.o ABSOLUTE
    ../clib/divrt.s                          0x00000000   Number         0  divrt_7tdmi_div0.o ABSOLUTE
    ../clib/heapalloc.c                      0x00000000   Number         0  hrguard.o ABSOLUTE
    ../clib/heapaux.c                        0x00000000   Number         0  heapauxi.o ABSOLUTE
    ../clib/libinit.s                        0x00000000   Number         0  libshutdown2.o ABSOLUTE
    ../clib/libinit.s                        0x00000000   Number         0  libinit2.o ABSOLUTE
    ../clib/libinit.s                        0x00000000   Number         0  libinit.o ABSOLUTE
    ../clib/libinit.s                        0x00000000   Number         0  libshutdown.o ABSOLUTE
    ../clib/memcpset.s                       0x00000000   Number         0  aeabi_memset.o ABSOLUTE
    ../clib/memcpset.s                       0x00000000   Number         0  rt_memcpy.o ABSOLUTE
    ../clib/memcpset.s                       0x00000000   Number         0  rt_memcpy_w.o ABSOLUTE
    ../clib/memcpset.s                       0x00000000   Number         0  rt_memclr_w.o ABSOLUTE
    ../clib/memcpset.s                       0x00000000   Number         0  rt_memclr.o ABSOLUTE
    ../clib/printf.c                         0x00000000   Number         0  noretval__2sprintf.o ABSOLUTE
    ../clib/printf.c                         0x00000000   Number         0  _printf_char.o ABSOLUTE
    ../clib/printf.c                         0x00000000   Number         0  __printf_flags_ss_wp.o ABSOLUTE
    ../clib/printf.c                         0x00000000   Number         0  _printf_str.o ABSOLUTE
    ../clib/printf.c                         0x00000000   Number         0  __printf_flags_wp.o ABSOLUTE
    ../clib/printf.c                         0x00000000   Number         0  __printf_wp.o ABSOLUTE
    ../clib/printf.c                         0x00000000   Number         0  __printf_flags_ss.o ABSOLUTE
    ../clib/printf.c                         0x00000000   Number         0  __printf_ss.o ABSOLUTE
    ../clib/printf.c                         0x00000000   Number         0  __printf_flags.o ABSOLUTE
    ../clib/printf.c                         0x00000000   Number         0  _printf_intcommon.o ABSOLUTE
    ../clib/printf.c                         0x00000000   Number         0  _printf_dec.o ABSOLUTE
    ../clib/printf.c                         0x00000000   Number         0  __printf_ss_wp.o ABSOLUTE
    ../clib/printf.c                         0x00000000   Number         0  __printf_nopercent.o ABSOLUTE
    ../clib/printf.c                         0x00000000   Number         0  _sputc.o ABSOLUTE
    ../clib/printf.c                         0x00000000   Number         0  __2sprintf.o ABSOLUTE
    ../clib/printf.c                         0x00000000   Number         0  __printf.o ABSOLUTE
    ../clib/printf.c                         0x00000000   Number         0  _printf_char_common.o ABSOLUTE
    ../clib/printf_percent.s                 0x00000000   Number         0  _printf_percent.o ABSOLUTE
    ../clib/printf_percent.s                 0x00000000   Number         0  _printf_u.o ABSOLUTE
    ../clib/printf_percent.s                 0x00000000   Number         0  _printf_c.o ABSOLUTE
    ../clib/printf_percent.s                 0x00000000   Number         0  _printf_percent_end.o ABSOLUTE
    ../clib/signal.c                         0x00000000   Number         0  defsig_fpe_inner.o ABSOLUTE
    ../clib/signal.c                         0x00000000   Number         0  defsig_exit.o ABSOLUTE
    ../clib/signal.c                         0x00000000   Number         0  defsig_fpe_formal.o ABSOLUTE
    ../clib/signal.c                         0x00000000   Number         0  defsig_fpe_outer.o ABSOLUTE
    ../clib/signal.c                         0x00000000   Number         0  defsig_rtmem_inner.o ABSOLUTE
    ../clib/signal.c                         0x00000000   Number         0  defsig_abrt_inner.o ABSOLUTE
    ../clib/signal.c                         0x00000000   Number         0  defsig_rtred_inner.o ABSOLUTE
    ../clib/signal.c                         0x00000000   Number         0  defsig_rtmem_outer.o ABSOLUTE
    ../clib/signal.c                         0x00000000   Number         0  defsig_rtmem_formal.o ABSOLUTE
    ../clib/signal.c                         0x00000000   Number         0  defsig_stak_inner.o ABSOLUTE
    ../clib/signal.c                         0x00000000   Number         0  defsig_pvfn_inner.o ABSOLUTE
    ../clib/signal.c                         0x00000000   Number         0  defsig_cppl_inner.o ABSOLUTE
    ../clib/signal.c                         0x00000000   Number         0  defsig_segv_inner.o ABSOLUTE
    ../clib/signal.c                         0x00000000   Number         0  defsig_other.o ABSOLUTE
    ../clib/signal.c                         0x00000000   Number         0  defsig_general.o ABSOLUTE
    ../clib/signal.c                         0x00000000   Number         0  __raise.o ABSOLUTE
    ../clib/signal.s                         0x00000000   Number         0  defsig.o ABSOLUTE
    ../clib/stdlib.c                         0x00000000   Number         0  exit.o ABSOLUTE
    ../clib/string.c                         0x00000000   Number         0  strlen.o ABSOLUTE
    ../clib/string.c                         0x00000000   Number         0  strcpy.o ABSOLUTE
    ../fplib/fdiv.s                          0x00000000   Number         0  fdiv.o ABSOLUTE
    ../fplib/fflt.s                          0x00000000   Number         0  fflt_noclz.o ABSOLUTE
    ../fplib/fmul.s                          0x00000000   Number         0  fmul.o ABSOLUTE
    ../fplib/fnaninf.s                       0x00000000   Number         0  fnaninf.o ABSOLUTE
    ../fplib/fpinit.s                        0x00000000   Number         0  fpinit.o ABSOLUTE
    ../fplib/fretinf.s                       0x00000000   Number         0  fretinf.o ABSOLUTE
    ../fplib/usenofp.s                       0x00000000   Number         0  usenofp.o ABSOLUTE
    ..\..\Source\list.c                      0x00000000   Number         0  list.o ABSOLUTE
    ..\..\Source\portable\MemMang\heap_2.c   0x00000000   Number         0  heap_2.o ABSOLUTE
    ..\..\Source\portable\RVDS\ARM7_LPC21xx\port.c 0x00000000   Number         0  port.o ABSOLUTE
    ..\..\Source\portable\RVDS\ARM7_LPC21xx\portASM.s 0x00000000   Number         0  portasm.o ABSOLUTE
    ..\..\Source\queue.c                     0x00000000   Number         0  queue.o ABSOLUTE
    ..\..\Source\tasks.c                     0x00000000   Number         0  tasks.o ABSOLUTE
    ..\Starter_Files_V1\source\GPIO.c        0x00000000   Number         0  gpio.o ABSOLUTE
    ..\Starter_Files_V1\source\GPIO_cfg.c    0x00000000   Number         0  gpio_cfg.o ABSOLUTE
    ..\Starter_Files_V1\source\main.c        0x00000000   Number         0  main.o ABSOLUTE
    ..\Starter_Files_V1\source\serial.c      0x00000000   Number         0  serial.o ABSOLUTE
    ParTest\ParTest.c                        0x00000000   Number         0  partest.o ABSOLUTE
    Startup.s                                0x00000000   Number         0  startup.o ABSOLUTE
    dc.s                                     0x00000000   Number         0  dc.o ABSOLUTE
    serial\serialISR.s                       0x00000000   Number         0  serialisr.o ABSOLUTE
    Undef_Handler                            0x00000040   ARM Code       4  startup.o(RESET)
    PAbt_Handler                             0x00000048   ARM Code       4  startup.o(RESET)
    DAbt_Handler                             0x0000004c   ARM Code       4  startup.o(RESET)
    IRQ_Handler                              0x00000050   ARM Code       4  startup.o(RESET)
    FIQ_Handler                              0x00000054   ARM Code       4  startup.o(RESET)
    !!!main                                  0x00000104   Section        8  __main.o(!!!main)
    !!!scatter                               0x0000010c   Section       60  __scatter.o(!!!scatter)
    !!dczerorl                               0x00000148   Section       68  __dczerorl.o(!!dczerorl)
    !!handler_zi                             0x0000018c   Section       44  __scatter_zi.o(!!handler_zi)
    .ARM.Collect$$_printf_percent$$00000000  0x000001bc   Section        0  _printf_percent.o(.ARM.Collect$$_printf_percent$$00000000)
    .ARM.Collect$$_printf_percent$$0000000A  0x000001bc   Section        8  _printf_u.o(.ARM.Collect$$_printf_percent$$0000000A)
    .ARM.Collect$$_printf_percent$$00000013  0x000001c4   Section        8  _printf_c.o(.ARM.Collect$$_printf_percent$$00000013)
    .ARM.Collect$$_printf_percent$$00000017  0x000001cc   Section        8  _printf_percent_end.o(.ARM.Collect$$_printf_percent$$00000017)
    .ARM.Collect$$libinit$$00000000          0x000001dc   Section        2  libinit.o(.ARM.Collect$$libinit$$00000000)
    .ARM.Collect$$libinit$$00000002          0x000001de   Section        0  libinit2.o(.ARM.Collect$$libinit$$00000002)
    .ARM.Collect$$libinit$$00000004          0x000001de   Section        0  libinit2.o(.ARM.Collect$$libinit$$00000004)
    .ARM.Collect$$libinit$$0000000A          0x000001de   Section        0  libinit2.o(.ARM.Collect$$libinit$$0000000A)
    .ARM.Collect$$libinit$$0000000C          0x000001de   Section        0  libinit2.o(.ARM.Collect$$libinit$$0000000C)
    .ARM.Collect$$libinit$$0000000E          0x000001de   Section        0  libinit2.o(.ARM.Collect$$libinit$$0000000E)
    .ARM.Collect$$libinit$$00000011          0x000001de   Section        0  libinit2.o(.ARM.Collect$$libinit$$00000011)
    .ARM.Collect$$libinit$$00000013          0x000001de   Section        0  libinit2.o(.ARM.Collect$$libinit$$00000013)
    .ARM.Collect$$libinit$$00000015          0x000001de   Section        0  libinit2.o(.ARM.Collect$$libinit$$00000015)
    .ARM.Collect$$libinit$$00000017          0x000001de   Section        0  libinit2.o(.ARM.Collect$$libinit$$00000017)
    .ARM.Collect$$libinit$$00000019          0x000001de   Section        0  libinit2.o(.ARM.Collect$$libinit$$00000019)
    .ARM.Collect$$libinit$$0000001B          0x000001de   Section        0  libinit2.o(.ARM.Collect$$libinit$$0000001B)
    .ARM.Collect$$libinit$$0000001D          0x000001de   Section        0  libinit2.o(.ARM.Collect$$libinit$$0000001D)
    .ARM.Collect$$libinit$$0000001F          0x000001de   Section        0  libinit2.o(.ARM.Collect$$libinit$$0000001F)
    .ARM.Collect$$libinit$$00000021          0x000001de   Section        0  libinit2.o(.ARM.Collect$$libinit$$00000021)
    .ARM.Collect$$libinit$$00000023          0x000001de   Section        0  libinit2.o(.ARM.Collect$$libinit$$00000023)
    .ARM.Collect$$libinit$$00000025          0x000001de   Section        0  libinit2.o(.ARM.Collect$$libinit$$00000025)
    .ARM.Collect$$libinit$$0000002C          0x000001de   Section        0  libinit2.o(.ARM.Collect$$libinit$$0000002C)
    .ARM.Collect$$libinit$$0000002E          0x000001de   Section        0  libinit2.o(.ARM.Collect$$libinit$$0000002E)
    .ARM.Collect$$libinit$$00000030          0x000001de   Section        0  libinit2.o(.ARM.Collect$$libinit$$00000030)
    .ARM.Collect$$libinit$$00000032          0x000001de   Section        0  libinit2.o(.ARM.Collect$$libinit$$00000032)
    .ARM.Collect$$libinit$$00000033          0x000001de   Section       12  libinit2.o(.ARM.Collect$$libinit$$00000033)
    .ARM.Collect$$libshutdown$$00000000      0x000001f4   Section        4  libshutdown.o(.ARM.Collect$$libshutdown$$00000000)
    .ARM.Collect$$libshutdown$$00000002      0x000001f8   Section        0  libshutdown2.o(.ARM.Collect$$libshutdown$$00000002)
    .ARM.Collect$$libshutdown$$00000004      0x000001f8   Section        0  libshutdown2.o(.ARM.Collect$$libshutdown$$00000004)
    .ARM.Collect$$libshutdown$$00000007      0x000001f8   Section        0  libshutdown2.o(.ARM.Collect$$libshutdown$$00000007)
    .ARM.Collect$$libshutdown$$0000000A      0x000001f8   Section        0  libshutdown2.o(.ARM.Collect$$libshutdown$$0000000A)
    .ARM.Collect$$libshutdown$$0000000C      0x000001f8   Section        0  libshutdown2.o(.ARM.Collect$$libshutdown$$0000000C)
    .ARM.Collect$$libshutdown$$0000000F      0x000001f8   Section        0  libshutdown2.o(.ARM.Collect$$libshutdown$$0000000F)
    .ARM.Collect$$libshutdown$$00000010      0x000001f8   Section        6  libshutdown2.o(.ARM.Collect$$libshutdown$$00000010)
    .ARM.Collect$$rtentry$$00000000          0x00000200   Section        0  __rtentry.o(.ARM.Collect$$rtentry$$00000000)
    .ARM.Collect$$rtentry$$00000002          0x00000200   Section        0  __rtentry2.o(.ARM.Collect$$rtentry$$00000002)
    .ARM.Collect$$rtentry$$00000004          0x00000200   Section        8  __rtentry4.o(.ARM.Collect$$rtentry$$00000004)
    .ARM.Collect$$rtentry$$00000009          0x00000208   Section        0  __rtentry2.o(.ARM.Collect$$rtentry$$00000009)
    .ARM.Collect$$rtentry$$0000000A          0x00000208   Section        4  __rtentry2.o(.ARM.Collect$$rtentry$$0000000A)
    .ARM.Collect$$rtentry$$0000000C          0x0000020c   Section        0  __rtentry2.o(.ARM.Collect$$rtentry$$0000000C)
    .ARM.Collect$$rtentry$$0000000D          0x0000020c   Section       40  __rtentry2.o(.ARM.Collect$$rtentry$$0000000D)
    .ARM.Collect$$rtexit$$00000000           0x00000238   Section        4  rtexit.o(.ARM.Collect$$rtexit$$00000000)
    .ARM.Collect$$rtexit$$00000002           0x0000023c   Section        0  rtexit2.o(.ARM.Collect$$rtexit$$00000002)
    .ARM.Collect$$rtexit$$00000003           0x0000023c   Section        4  rtexit2.o(.ARM.Collect$$rtexit$$00000003)
    .ARM.Collect$$rtexit$$00000004           0x00000240   Section        8  rtexit2.o(.ARM.Collect$$rtexit$$00000004)
    .text                                    0x00000248   Section       32  startup.o(.text)
    .text                                    0x00000268   Section      148  serialisr.o(.text)
    .text                                    0x000002fc   Section        0  gpio.o(.text)
    .text                                    0x0000048c   Section        0  main.o(.text)
    configTimer1                             0x000005ef   Thumb Code    22  main.o(.text)
    prvSetupHardware                         0x00000605   Thumb Code    30  main.o(.text)
    .text                                    0x00000854   Section        0  serial.o(.text)
    .text                                    0x000009f4   Section        0  tasks.o(.text)
    prvInitialiseTaskLists                   0x000009f5   Thumb Code    56  tasks.o(.text)
    prvAddNewTaskToReadyList                 0x00000a2d   Thumb Code   148  tasks.o(.text)
    prvInitialiseNewTask                     0x00000ac1   Thumb Code   174  tasks.o(.text)
    prvResetNextTaskUnblockTime              0x00000bf5   Thumb Code    46  tasks.o(.text)
    prvDeleteTCB                             0x00000c23   Thumb Code    22  tasks.o(.text)
    prvAddCurrentTaskToDelayedList           0x00000ecd   Thumb Code   104  tasks.o(.text)
    prvTaskIsTaskSuspended                   0x000014ad   Thumb Code    66  tasks.o(.text)
    prvCheckTasksWaitingTermination          0x000015af   Thumb Code    64  tasks.o(.text)
    prvIdleTask                              0x00001611   Thumb Code    46  tasks.o(.text)
    prvTaskCheckFreeStackSpace               0x000017ed   Thumb Code    24  tasks.o(.text)
    prvListTasksWithinSingleList             0x00001889   Thumb Code   110  tasks.o(.text)
    prvWriteNameToBuffer                     0x00001d97   Thumb Code    46  tasks.o(.text)
    .text                                    0x00002300   Section        0  list.o(.text)
    .text                                    0x00002398   Section        0  queue.o(.text)
    prvInitialiseNewQueue                    0x00002415   Thumb Code    48  queue.o(.text)
    prvUnlockQueue                           0x00002483   Thumb Code   150  queue.o(.text)
    prvIsQueueFull                           0x00002519   Thumb Code    34  queue.o(.text)
    prvCopyDataToQueue                       0x0000253b   Thumb Code   132  queue.o(.text)
    prvInitialiseMutex                       0x000026bf   Thumb Code    36  queue.o(.text)
    prvIsQueueEmpty                          0x000027ef   Thumb Code    32  queue.o(.text)
    prvCopyDataFromQueue                     0x0000280f   Thumb Code    48  queue.o(.text)
    prvGetDisinheritPriorityAfterTimeout     0x00002931   Thumb Code    22  queue.o(.text)
    .text                                    0x00002c94   Section        0  port.o(.text)
    prvSetupTimerInterrupt                   0x00002d15   Thumb Code    60  port.o(.text)
    .text                                    0x00002dec   Section        0  heap_2.o(.text)
    prvHeapInit                              0x00002ded   Thumb Code    38  heap_2.o(.text)
    .text                                    0x00002f1c   Section        0  noretval__2sprintf.o(.text)
    .text                                    0x00002f44   Section        0  __printf.o(.text)
    .text                                    0x00002fba   Section        0  _printf_str.o(.text)
    .text                                    0x0000301c   Section        0  _printf_dec.o(.text)
    .text                                    0x0000308c   Section        0  strcpy.o(.text)
    .text                                    0x000030dc   Section        0  strlen.o(.text)
    .text                                    0x00003124   Section      212  rt_memcpy.o(.text)
    .text                                    0x000031fc   Section       16  aeabi_memset.o(.text)
    .text                                    0x0000320c   Section      384  aeabi_sdiv.o(.text)
    __arm_div8                               0x00003238   ARM Code       0  aeabi_sdiv.o(.text)
    __arm_div5                               0x0000325c   ARM Code       0  aeabi_sdiv.o(.text)
    __arm_div2                               0x00003280   ARM Code       0  aeabi_sdiv.o(.text)
    __arm_div_large                          0x000032bc   ARM Code       0  aeabi_sdiv.o(.text)
    .text                                    0x0000338c   Section        0  heapauxi.o(.text)
    .text                                    0x00003392   Section        0  _printf_intcommon.o(.text)
    .text                                    0x0000344c   Section        0  _printf_char_common.o(.text)
    _printf_input_char                       0x0000344d   Thumb Code    10  _printf_char_common.o(.text)
    .text                                    0x0000347c   Section        0  _sputc.o(.text)
    .text                                    0x00003490   Section        0  _printf_char.o(.text)
    .text                                    0x000034c4   Section      100  rt_memcpy_w.o(.text)
    .text                                    0x00003528   Section       64  rt_memclr.o(.text)
    .text                                    0x0000356c   Section       44  rtudiv10.o(.text)
    .text                                    0x00003598   Section       84  rt_memclr_w.o(.text)
    .text                                    0x000035ec   Section       96  sys_stackheap_outer.o(.text)
    .text                                    0x0000364c   Section        0  exit.o(.text)
    .text                                    0x00003660   Section       12  libspace.o(.text)
    .text                                    0x00003674   Section        0  sys_exit.o(.text)
    .text                                    0x00003680   Section        4  use_no_semi.o(.text)
    .text                                    0x00003684   Section        0  indicate_semi.o(.text)
    .text_udiv                               0x00003688   Section       36  aeabi_sdiv.o(.text_udiv)
    PORT_ASM                                 0x000036b0   Section      396  portasm.o(PORT_ASM)
    i.__ARM_common_call_via_r1               0x00003844   Section        0  tasks.o(i.__ARM_common_call_via_r1)
    i.__ARM_common_call_via_r2               0x00003846   Section        0  __printf.o(i.__ARM_common_call_via_r2)
    i.__ARM_common_disable_irq               0x0000384c   Section        0  tasks.o(i.__ARM_common_disable_irq)
    i.__ARM_common_enable_irq                0x00003864   Section        0  port.o(i.__ARM_common_enable_irq)
    i.__ARM_common_switch8                   0x00003878   Section        0  tasks.o(i.__ARM_common_switch8)
    x$fpl$fdiv                               0x0000389c   Section      400  fdiv.o(x$fpl$fdiv)
    _fdiv1                                   0x0000389c   ARM Code       0  fdiv.o(x$fpl$fdiv)
    x$fpl$fflt                               0x00003a2c   Section       92  fflt_noclz.o(x$fpl$fflt)
    x$fpl$ffltu                              0x00003a8c   Section        8  fflt_noclz.o(x$fpl$ffltu)
    x$fpl$fmul                               0x00003a98   Section      256  fmul.o(x$fpl$fmul)
    x$fpl$fnaninf                            0x00003b98   Section      168  fnaninf.o(x$fpl$fnaninf)
    x$fpl$fretinf                            0x00003c40   Section       16  fretinf.o(x$fpl$fretinf)
    x$fpl$usenofp                            0x00003c50   Section        0  usenofp.o(x$fpl$usenofp)
    .data                                    0x40000000   Section       92  gpio_cfg.o(.data)
    .data                                    0x4000005c   Section      120  main.o(.data)
    .data                                    0x400000d4   Section        4  serial.o(.data)
    .data                                    0x400000d8   Section       68  tasks.o(.data)
    pxDelayedTaskList                        0x400000dc   Data           4  tasks.o(.data)
    pxOverflowDelayedTaskList                0x400000e0   Data           4  tasks.o(.data)
    uxDeletedTasksWaitingCleanUp             0x400000e4   Data           4  tasks.o(.data)
    uxCurrentNumberOfTasks                   0x400000e8   Data           4  tasks.o(.data)
    xTickCount                               0x400000ec   Data           4  tasks.o(.data)
    uxTopReadyPriority                       0x400000f0   Data           4  tasks.o(.data)
    xSchedulerRunning                        0x400000f4   Data           4  tasks.o(.data)
    xPendedTicks                             0x400000f8   Data           4  tasks.o(.data)
    xYieldPending                            0x400000fc   Data           4  tasks.o(.data)
    xNumOfOverflows                          0x40000100   Data           4  tasks.o(.data)
    uxTaskNumber                             0x40000104   Data           4  tasks.o(.data)
    xNextTaskUnblockTime                     0x40000108   Data           4  tasks.o(.data)
    xIdleTaskHandle                          0x4000010c   Data           4  tasks.o(.data)
    uxSchedulerSuspended                     0x40000110   Data           4  tasks.o(.data)
    ulTaskSwitchedInTime                     0x40000114   Data           4  tasks.o(.data)
    ulTotalRunTime                           0x40000118   Data           4  tasks.o(.data)
    .data                                    0x4000011c   Section        4  port.o(.data)
    .data                                    0x40000120   Section       24  heap_2.o(.data)
    xStart                                   0x40000120   Data           8  heap_2.o(.data)
    xEnd                                     0x40000128   Data           8  heap_2.o(.data)
    xFreeBytesRemaining                      0x40000130   Data           4  heap_2.o(.data)
    xHeapHasBeenInitialised                  0x40000134   Data           4  heap_2.o(.data)
    .bss                                     0x40000138   Section      200  serial.o(.bss)
    .bss                                     0x40000200   Section      200  tasks.o(.bss)
    pxReadyTasksLists                        0x40000200   Data          80  tasks.o(.bss)
    xDelayedTaskList1                        0x40000250   Data          20  tasks.o(.bss)
    xDelayedTaskList2                        0x40000264   Data          20  tasks.o(.bss)
    xPendingReadyList                        0x40000278   Data          20  tasks.o(.bss)
    xTasksWaitingTermination                 0x4000028c   Data          20  tasks.o(.bss)
    xSuspendedTaskList                       0x400002a0   Data          20  tasks.o(.bss)
    xReadyTasksListEDF                       0x400002b4   Data          20  tasks.o(.bss)
    .bss                                     0x400002c8   Section    13312  heap_2.o(.bss)
    ucHeap                                   0x400002c8   Data       13312  heap_2.o(.bss)
    .bss                                     0x400036c8   Section       96  libspace.o(.bss)
    HEAP                                     0x40003728   Section        0  startup.o(HEAP)
    STACK                                    0x40003728   Section     1568  startup.o(STACK)
    Heap_Mem                                 0x40003728   Data           0  startup.o(HEAP)
    Stack_Mem                                0x40003728   Data        1568  startup.o(STACK)
    Stack_Top                                0x40003d48   Data           0  startup.o(STACK)

    Global Symbols

    Symbol Name                              Value     Ov Type        Size  Object(Section)

    BuildAttributes$$THM_ISAv1$ARM_ISAv4$S$PE$A:L22$X:L11$S22$IEEE1$IW$USESV6$~STKCKD$USESV7$~SHL$OSPACE$ROPI$EBA8$UX$STANDARDLIB$REQ8$PRES8$EABIv2 0x00000000   Number         0  anon$$obj.o ABSOLUTE
    __ARM_use_no_argv                        0x00000000   Number         0  main.o ABSOLUTE
    __ARM_exceptions_init                     - Undefined Weak Reference
    __alloca_initialize                       - Undefined Weak Reference
    __arm_preinit_                            - Undefined Weak Reference
    __cpp_initialize__aeabi_                  - Undefined Weak Reference
    __cxa_finalize                            - Undefined Weak Reference
    __rt_locale                               - Undefined Weak Reference
    __sigvec_lookup                           - Undefined Weak Reference
    _atexit_init                              - Undefined Weak Reference
    _call_atexit_fns                          - Undefined Weak Reference
    _clock_init                               - Undefined Weak Reference
    _fp_trap_init                             - Undefined Weak Reference
    _fp_trap_shutdown                         - Undefined Weak Reference
    _get_lc_collate                           - Undefined Weak Reference
    _get_lc_ctype                             - Undefined Weak Reference
    _get_lc_monetary                          - Undefined Weak Reference
    _get_lc_numeric                           - Undefined Weak Reference
    _get_lc_time                              - Undefined Weak Reference
    _getenv_init                              - Undefined Weak Reference
    _handle_redirection                       - Undefined Weak Reference
    _init_alloc                               - Undefined Weak Reference
    _init_user_alloc                          - Undefined Weak Reference
    _initio                                   - Undefined Weak Reference
    _printf_mbtowc                            - Undefined Weak Reference
    _printf_post_padding                      - Undefined Weak Reference
    _printf_pre_padding                       - Undefined Weak Reference
    _printf_truncate_signed                   - Undefined Weak Reference
    _printf_truncate_unsigned                 - Undefined Weak Reference
    _rand_init                                - Undefined Weak Reference
    _signal_finish                            - Undefined Weak Reference
    _signal_init                              - Undefined Weak Reference
    _terminate_alloc                          - Undefined Weak Reference
    _terminate_user_alloc                     - Undefined Weak Reference
    _terminateio                              - Undefined Weak Reference
    Reset_Handler                            0x00000058   ARM Code       0  startup.o(RESET)
    __main                                   0x00000104   ARM Code       8  __main.o(!!!main)
    __scatterload                            0x0000010c   ARM Code       0  __scatter.o(!!!scatter)
    __scatterload_rt2                        0x0000010c   ARM Code      52  __scatter.o(!!!scatter)
    __scatterload_null                       0x00000120   ARM Code       0  __scatter.o(!!!scatter)
    __decompress                             0x00000148   ARM Code      68  __dczerorl.o(!!dczerorl)
    __decompress0                            0x00000148   ARM Code       0  __dczerorl.o(!!dczerorl)
    __scatterload_zeroinit                   0x0000018c   ARM Code      44  __scatter_zi.o(!!handler_zi)
    Inline Thumb to ARM Veneer to _printf_percent 0x000001b9   Thumb Code     4  _printf_percent.o(.ARM.Collect$$_printf_percent$$00000000)
    _printf_percent                          0x000001bc   ARM Code       0  _printf_percent.o(.ARM.Collect$$_printf_percent$$00000000)
    _printf_u                                0x000001bc   ARM Code       0  _printf_u.o(.ARM.Collect$$_printf_percent$$0000000A)
    _printf_c                                0x000001c4   ARM Code       0  _printf_c.o(.ARM.Collect$$_printf_percent$$00000013)
    _printf_percent_end                      0x000001cc   ARM Code       0  _printf_percent_end.o(.ARM.Collect$$_printf_percent$$00000017)
    Inline ARM to Thumb Veneer to __rt_lib_init 0x000001d4   ARM Code       8  libinit.o(.ARM.Collect$$libinit$$00000000)
    __rt_lib_init                            0x000001dd   Thumb Code     0  libinit.o(.ARM.Collect$$libinit$$00000000)
    __rt_lib_init_alloca_1                   0x000001df   Thumb Code     0  libinit2.o(.ARM.Collect$$libinit$$0000002E)
    __rt_lib_init_argv_1                     0x000001df   Thumb Code     0  libinit2.o(.ARM.Collect$$libinit$$0000002C)
    __rt_lib_init_atexit_1                   0x000001df   Thumb Code     0  libinit2.o(.ARM.Collect$$libinit$$0000001B)
    __rt_lib_init_clock_1                    0x000001df   Thumb Code     0  libinit2.o(.ARM.Collect$$libinit$$00000021)
    __rt_lib_init_cpp_1                      0x000001df   Thumb Code     0  libinit2.o(.ARM.Collect$$libinit$$00000032)
    __rt_lib_init_exceptions_1               0x000001df   Thumb Code     0  libinit2.o(.ARM.Collect$$libinit$$00000030)
    __rt_lib_init_fp_1                       0x000001df   Thumb Code     0  libinit2.o(.ARM.Collect$$libinit$$00000002)
    __rt_lib_init_fp_trap_1                  0x000001df   Thumb Code     0  libinit2.o(.ARM.Collect$$libinit$$0000001F)
    __rt_lib_init_getenv_1                   0x000001df   Thumb Code     0  libinit2.o(.ARM.Collect$$libinit$$00000023)
    __rt_lib_init_heap_1                     0x000001df   Thumb Code     0  libinit2.o(.ARM.Collect$$libinit$$0000000A)
    __rt_lib_init_lc_collate_1               0x000001df   Thumb Code     0  libinit2.o(.ARM.Collect$$libinit$$00000011)
    __rt_lib_init_lc_ctype_1                 0x000001df   Thumb Code     0  libinit2.o(.ARM.Collect$$libinit$$00000013)
    __rt_lib_init_lc_monetary_1              0x000001df   Thumb Code     0  libinit2.o(.ARM.Collect$$libinit$$00000015)
    __rt_lib_init_lc_numeric_1               0x000001df   Thumb Code     0  libinit2.o(.ARM.Collect$$libinit$$00000017)
    __rt_lib_init_lc_time_1                  0x000001df   Thumb Code     0  libinit2.o(.ARM.Collect$$libinit$$00000019)
    __rt_lib_init_preinit_1                  0x000001df   Thumb Code     0  libinit2.o(.ARM.Collect$$libinit$$00000004)
    __rt_lib_init_rand_1                     0x000001df   Thumb Code     0  libinit2.o(.ARM.Collect$$libinit$$0000000E)
    __rt_lib_init_return                     0x000001df   Thumb Code     0  libinit2.o(.ARM.Collect$$libinit$$00000033)
    __rt_lib_init_signal_1                   0x000001df   Thumb Code     0  libinit2.o(.ARM.Collect$$libinit$$0000001D)
    __rt_lib_init_stdio_1                    0x000001df   Thumb Code     0  libinit2.o(.ARM.Collect$$libinit$$00000025)
    __rt_lib_init_user_alloc_1               0x000001df   Thumb Code     0  libinit2.o(.ARM.Collect$$libinit$$0000000C)
    Inline ARM to Thumb Veneer to __rt_lib_shutdown 0x000001ec   ARM Code       8  libshutdown.o(.ARM.Collect$$libshutdown$$00000000)
    __rt_lib_shutdown                        0x000001f5   Thumb Code     0  libshutdown.o(.ARM.Collect$$libshutdown$$00000000)
    __rt_lib_shutdown_cpp_1                  0x000001f9   Thumb Code     0  libshutdown2.o(.ARM.Collect$$libshutdown$$00000002)
    __rt_lib_shutdown_fp_trap_1              0x000001f9   Thumb Code     0  libshutdown2.o(.ARM.Collect$$libshutdown$$00000007)
    __rt_lib_shutdown_heap_1                 0x000001f9   Thumb Code     0  libshutdown2.o(.ARM.Collect$$libshutdown$$0000000F)
    __rt_lib_shutdown_return                 0x000001f9   Thumb Code     0  libshutdown2.o(.ARM.Collect$$libshutdown$$00000010)
    __rt_lib_shutdown_signal_1               0x000001f9   Thumb Code     0  libshutdown2.o(.ARM.Collect$$libshutdown$$0000000A)
    __rt_lib_shutdown_stdio_1                0x000001f9   Thumb Code     0  libshutdown2.o(.ARM.Collect$$libshutdown$$00000004)
    __rt_lib_shutdown_user_alloc_1           0x000001f9   Thumb Code     0  libshutdown2.o(.ARM.Collect$$libshutdown$$0000000C)
    __rt_entry                               0x00000200   ARM Code       0  __rtentry.o(.ARM.Collect$$rtentry$$00000000)
    __rt_entry_presh_1                       0x00000200   ARM Code       0  __rtentry2.o(.ARM.Collect$$rtentry$$00000002)
    __rt_entry_sh                            0x00000200   ARM Code       0  __rtentry4.o(.ARM.Collect$$rtentry$$00000004)
    __rt_entry_li                            0x00000208   ARM Code       0  __rtentry2.o(.ARM.Collect$$rtentry$$0000000A)
    __rt_entry_postsh_1                      0x00000208   ARM Code       0  __rtentry2.o(.ARM.Collect$$rtentry$$00000009)
    __rt_entry_main                          0x0000020c   ARM Code       0  __rtentry2.o(.ARM.Collect$$rtentry$$0000000D)
    __rt_entry_postli_1                      0x0000020c   ARM Code       0  __rtentry2.o(.ARM.Collect$$rtentry$$0000000C)
    Inline Thumb to ARM Veneer to __rt_exit  0x00000235   Thumb Code     4  rtexit.o(.ARM.Collect$$rtexit$$00000000)
    __rt_exit                                0x00000238   ARM Code       0  rtexit.o(.ARM.Collect$$rtexit$$00000000)
    __rt_exit_ls                             0x0000023c   ARM Code       0  rtexit2.o(.ARM.Collect$$rtexit$$00000003)
    __rt_exit_prels_1                        0x0000023c   ARM Code       0  rtexit2.o(.ARM.Collect$$rtexit$$00000002)
    __rt_exit_exit                           0x00000240   ARM Code       0  rtexit2.o(.ARM.Collect$$rtexit$$00000004)
    __user_initial_stackheap                 0x00000248   ARM Code       0  startup.o(.text)
    vUART_ISREntry                           0x00000268   ARM Code       0  serialisr.o(.text)
    GPIO_init                                0x000002fd   Thumb Code   198  gpio.o(.text)
    GPIO_read                                0x000003c3   Thumb Code    40  gpio.o(.text)
    GPIO_write                               0x000003eb   Thumb Code    96  gpio.o(.text)
    GPIO_toggle                              0x0000044b   Thumb Code    52  gpio.o(.text)
    btnOneEdgeScanningTask                   0x0000048d   Thumb Code    90  main.o(.text)
    btnTwoEdgeScanningTask                   0x000004e7   Thumb Code    90  main.o(.text)
    Periodic_Transmitter                     0x00000541   Thumb Code    46  main.o(.text)
    Uart_Receiver                            0x0000056f   Thumb Code    56  main.o(.text)
    Load_1_Task                              0x000005a7   Thumb Code    36  main.o(.text)
    Load_2_Task                              0x000005cb   Thumb Code    36  main.o(.text)
    main                                     0x00000623   Thumb Code   232  main.o(.text)
    timer1Reset                              0x0000070b   Thumb Code    26  main.o(.text)
    xSerialPortInitMinimal                   0x00000855   Thumb Code   124  serial.o(.text)
    xSerialGetChar                           0x000008d1   Thumb Code    34  serial.o(.text)
    xSerialPutChar                           0x000008f3   Thumb Code     6  serial.o(.text)
    vSerialPutString                         0x000008f9   Thumb Code    84  serial.o(.text)
    vUART_ISRHandler                         0x0000094d   Thumb Code   120  serial.o(.text)
    xTaskGetTickCount                        0x00000b6f   Thumb Code    22  tasks.o(.text)
    xTaskPeriodicCreate                      0x00000b85   Thumb Code   112  tasks.o(.text)
    vTaskDelete                              0x00000c39   Thumb Code   130  tasks.o(.text)
    xTaskIncrementTick                       0x00000cbb   Thumb Code   250  tasks.o(.text)
    xTaskResumeAll                           0x00000db5   Thumb Code   280  tasks.o(.text)
    vTaskSuspendAll                          0x00000f35   Thumb Code    12  tasks.o(.text)
    vTaskDelayUntil                          0x00000f41   Thumb Code    96  tasks.o(.text)
    vTaskDelay                               0x00000fa1   Thumb Code    42  tasks.o(.text)
    eTaskGetState                            0x00000fcb   Thumb Code   112  tasks.o(.text)
    uxTaskPriorityGet                        0x0000103b   Thumb Code    36  tasks.o(.text)
    uxTaskPriorityGetFromISR                 0x0000105f   Thumb Code    26  tasks.o(.text)
    vTaskPrioritySet                         0x00001079   Thumb Code   196  tasks.o(.text)
    vTaskSwitchContext                       0x0000113d   Thumb Code   740  tasks.o(.text)
    vTaskSuspend                             0x00001421   Thumb Code   140  tasks.o(.text)
    vTaskResume                              0x000014ef   Thumb Code    94  tasks.o(.text)
    xTaskResumeFromISR                       0x0000154d   Thumb Code    98  tasks.o(.text)
    vTaskSetApplicationTaskTag               0x000015ef   Thumb Code    34  tasks.o(.text)
    vTaskStartScheduler                      0x0000163f   Thumb Code   372  tasks.o(.text)
    vTaskEndScheduler                        0x000017b3   Thumb Code    22  tasks.o(.text)
    xTaskGetTickCountFromISR                 0x000017c9   Thumb Code     8  tasks.o(.text)
    uxTaskGetNumberOfTasks                   0x000017d1   Thumb Code     6  tasks.o(.text)
    pcTaskGetName                            0x000017d7   Thumb Code    22  tasks.o(.text)
    vTaskGetInfo                             0x00001805   Thumb Code   132  tasks.o(.text)
    uxTaskGetSystemState                     0x000018f7   Thumb Code   144  tasks.o(.text)
    xTaskCatchUpTicks                        0x00001987   Thumb Code    34  tasks.o(.text)
    xTaskGetApplicationTaskTag               0x000019a9   Thumb Code    36  tasks.o(.text)
    xTaskGetApplicationTaskTagFromISR        0x000019cd   Thumb Code    26  tasks.o(.text)
    xTaskCallApplicationTaskHook             0x000019e7   Thumb Code    46  tasks.o(.text)
    vTaskPlaceOnEventList                    0x00001a15   Thumb Code    32  tasks.o(.text)
    vTaskPlaceOnUnorderedEventList           0x00001a35   Thumb Code    46  tasks.o(.text)
    xTaskRemoveFromEventList                 0x00001a63   Thumb Code   104  tasks.o(.text)
    vTaskRemoveFromUnorderedEventList        0x00001acb   Thumb Code   170  tasks.o(.text)
    vTaskSetTimeOutState                     0x00001b75   Thumb Code    30  tasks.o(.text)
    vTaskInternalSetTimeOutState             0x00001b93   Thumb Code    14  tasks.o(.text)
    xTaskCheckForTimeOut                     0x00001ba1   Thumb Code    90  tasks.o(.text)
    vTaskMissedYield                         0x00001bfb   Thumb Code     8  tasks.o(.text)
    uxTaskGetTaskNumber                      0x00001c03   Thumb Code    16  tasks.o(.text)
    vTaskSetTaskNumber                       0x00001c13   Thumb Code    10  tasks.o(.text)
    xTaskGetCurrentTaskHandle                0x00001c1d   Thumb Code     6  tasks.o(.text)
    xTaskPriorityInherit                     0x00001c23   Thumb Code   152  tasks.o(.text)
    xTaskPriorityDisinherit                  0x00001cbb   Thumb Code    90  tasks.o(.text)
    vTaskPriorityDisinheritAfterTimeout      0x00001d15   Thumb Code   130  tasks.o(.text)
    vTaskList                                0x00001dc5   Thumb Code   190  tasks.o(.text)
    vTaskGetRunTimeStats                     0x00001e83   Thumb Code   166  tasks.o(.text)
    uxTaskResetEventItemValue                0x00001f29   Thumb Code    24  tasks.o(.text)
    pvTaskIncrementMutexHeldCount            0x00001f41   Thumb Code   100  tasks.o(.text)
    ulTaskNotifyTake                         0x00001fa5   Thumb Code   106  tasks.o(.text)
    xTaskNotifyWait                          0x0000200f   Thumb Code   142  tasks.o(.text)
    xTaskGenericNotify                       0x0000209d   Thumb Code   168  tasks.o(.text)
    xTaskGenericNotifyFromISR                0x00002145   Thumb Code   198  tasks.o(.text)
    vTaskNotifyGiveFromISR                   0x0000220b   Thumb Code   118  tasks.o(.text)
    xTaskNotifyStateClear                    0x00002281   Thumb Code    54  tasks.o(.text)
    ulTaskNotifyValueClear                   0x000022b7   Thumb Code    48  tasks.o(.text)
    vListInitialise                          0x00002301   Thumb Code    26  list.o(.text)
    vListInitialiseItem                      0x0000231b   Thumb Code     6  list.o(.text)
    vListInsertEnd                           0x00002321   Thumb Code    24  list.o(.text)
    vListInsert                              0x00002339   Thumb Code    56  list.o(.text)
    uxListRemove                             0x00002371   Thumb Code    40  list.o(.text)
    xQueueGenericReset                       0x00002399   Thumb Code   124  queue.o(.text)
    xQueueGenericCreate                      0x00002445   Thumb Code    62  queue.o(.text)
    xQueueGenericSend                        0x000025bf   Thumb Code   256  queue.o(.text)
    xQueueCreateMutex                        0x000026e3   Thumb Code    34  queue.o(.text)
    xQueueGenericSendFromISR                 0x00002705   Thumb Code   126  queue.o(.text)
    xQueueGiveFromISR                        0x00002783   Thumb Code   108  queue.o(.text)
    xQueueReceive                            0x0000283f   Thumb Code   242  queue.o(.text)
    xQueueSemaphoreTake                      0x00002947   Thumb Code   302  queue.o(.text)
    xQueuePeek                               0x00002a75   Thumb Code   246  queue.o(.text)
    xQueueReceiveFromISR                     0x00002b6b   Thumb Code   118  queue.o(.text)
    xQueuePeekFromISR                        0x00002be1   Thumb Code    44  queue.o(.text)
    uxQueueMessagesWaiting                   0x00002c0d   Thumb Code    22  queue.o(.text)
    uxQueueSpacesAvailable                   0x00002c23   Thumb Code    28  queue.o(.text)
    uxQueueMessagesWaitingFromISR            0x00002c3f   Thumb Code     8  queue.o(.text)
    vQueueDelete                             0x00002c47   Thumb Code    18  queue.o(.text)
    uxQueueGetQueueNumber                    0x00002c59   Thumb Code     6  queue.o(.text)
    vQueueSetQueueNumber                     0x00002c5f   Thumb Code     4  queue.o(.text)
    ucQueueGetQueueType                      0x00002c63   Thumb Code     8  queue.o(.text)
    xQueueIsQueueEmptyFromISR                0x00002c6b   Thumb Code    18  queue.o(.text)
    xQueueIsQueueFullFromISR                 0x00002c7d   Thumb Code    24  queue.o(.text)
    pxPortInitialiseStack                    0x00002c95   Thumb Code   128  port.o(.text)
    xPortStartScheduler                      0x00002d51   Thumb Code    18  port.o(.text)
    vPortEndScheduler                        0x00002d63   Thumb Code     2  port.o(.text)
    vPortEnterCritical                       0x00002d65   Thumb Code    22  port.o(.text)
    vPortExitCritical                        0x00002d7b   Thumb Code    38  port.o(.text)
    pvPortMalloc                             0x00002e13   Thumb Code   170  heap_2.o(.text)
    vPortFree                                0x00002ebd   Thumb Code    62  heap_2.o(.text)
    xPortGetFreeHeapSize                     0x00002efb   Thumb Code     6  heap_2.o(.text)
    vPortInitialiseBlocks                    0x00002f01   Thumb Code     2  heap_2.o(.text)
    __2sprintf                               0x00002f1d   Thumb Code    36  noretval__2sprintf.o(.text)
    __printf                                 0x00002f45   Thumb Code   118  __printf.o(.text)
    _printf_str                              0x00002fbb   Thumb Code    88  _printf_str.o(.text)
    Inline ARM to Thumb Veneer to _printf_int_dec 0x00003014   ARM Code       8  _printf_dec.o(.text)
    _printf_int_dec                          0x0000301d   Thumb Code    94  _printf_dec.o(.text)
    strcpy                                   0x0000308d   Thumb Code    74  strcpy.o(.text)
    strlen                                   0x000030dd   Thumb Code    64  strlen.o(.text)
    Inline Thumb to ARM Veneer to __aeabi_memcpy 0x00003121   Thumb Code     4  rt_memcpy.o(.text)
    __aeabi_memcpy                           0x00003124   ARM Code       0  rt_memcpy.o(.text)
    __rt_memcpy                              0x00003124   ARM Code     212  rt_memcpy.o(.text)
    _memcpy_lastbytes                        0x000031d8   ARM Code       0  rt_memcpy.o(.text)
    Inline Thumb to ARM Veneer to __aeabi_memset 0x000031f9   Thumb Code     4  aeabi_memset.o(.text)
    __aeabi_memset                           0x000031fc   ARM Code      16  aeabi_memset.o(.text)
    __aeabi_idiv                             0x0000320c   ARM Code       0  aeabi_sdiv.o(.text)
    __aeabi_idivmod                          0x0000320c   ARM Code     384  aeabi_sdiv.o(.text)
    __use_two_region_memory                  0x0000338d   Thumb Code     2  heapauxi.o(.text)
    __rt_heap_escrow$2region                 0x0000338f   Thumb Code     2  heapauxi.o(.text)
    __rt_heap_expand$2region                 0x00003391   Thumb Code     2  heapauxi.o(.text)
    _printf_int_common                       0x00003393   Thumb Code   186  _printf_intcommon.o(.text)
    _printf_char_common                      0x00003457   Thumb Code    34  _printf_char_common.o(.text)
    _sputc                                   0x0000347d   Thumb Code    10  _sputc.o(.text)
    Inline ARM to Thumb Veneer to _printf_char 0x00003488   ARM Code       8  _printf_char.o(.text)
    _printf_cs_common                        0x00003491   Thumb Code    26  _printf_char.o(.text)
    _printf_char                             0x000034ab   Thumb Code    16  _printf_char.o(.text)
    _printf_string                           0x000034bb   Thumb Code     8  _printf_char.o(.text)
    __aeabi_memcpy4                          0x000034c4   ARM Code       0  rt_memcpy_w.o(.text)
    __aeabi_memcpy8                          0x000034c4   ARM Code       0  rt_memcpy_w.o(.text)
    __rt_memcpy_w                            0x000034c4   ARM Code     100  rt_memcpy_w.o(.text)
    _memcpy_lastbytes_aligned                0x00003510   ARM Code       0  rt_memcpy_w.o(.text)
    __aeabi_memclr                           0x00003528   ARM Code       0  rt_memclr.o(.text)
    __rt_memclr                              0x00003528   ARM Code      64  rt_memclr.o(.text)
    _memset                                  0x0000352c   ARM Code       0  rt_memclr.o(.text)
    Inline Thumb to ARM Veneer to __rt_udiv10 0x00003569   Thumb Code     4  rtudiv10.o(.text)
    __rt_udiv10                              0x0000356c   ARM Code      44  rtudiv10.o(.text)
    __aeabi_memclr4                          0x00003598   ARM Code       0  rt_memclr_w.o(.text)
    __aeabi_memclr8                          0x00003598   ARM Code       0  rt_memclr_w.o(.text)
    __rt_memclr_w                            0x00003598   ARM Code      84  rt_memclr_w.o(.text)
    _memset_w                                0x0000359c   ARM Code       0  rt_memclr_w.o(.text)
    __user_setup_stackheap                   0x000035ec   ARM Code      96  sys_stackheap_outer.o(.text)
    exit                                     0x0000364d   Thumb Code    20  exit.o(.text)
    __user_libspace                          0x00003660   ARM Code      12  libspace.o(.text)
    __user_perproc_libspace                  0x00003660   ARM Code       0  libspace.o(.text)
    __user_perthread_libspace                0x00003660   ARM Code       0  libspace.o(.text)
    Inline ARM to Thumb Veneer to _sys_exit  0x0000366c   ARM Code       8  sys_exit.o(.text)
    _sys_exit                                0x00003675   Thumb Code     8  sys_exit.o(.text)
    __I$use$semihosting                      0x00003680   ARM Code       0  use_no_semi.o(.text)
    __use_no_semihosting_swi                 0x00003680   ARM Code       4  use_no_semi.o(.text)
    Inline Thumb to ARM Veneer to __aeabi_uidivmod 0x00003685   Thumb Code     4  aeabi_sdiv.o(.text_udiv)
    __semihosting_library_function           0x00003684   ARM Code       0  indicate_semi.o(.text)
    __aeabi_uidiv                            0x00003688   ARM Code       0  aeabi_sdiv.o(.text_udiv)
    __aeabi_uidivmod                         0x00003688   ARM Code      36  aeabi_sdiv.o(.text_udiv)
    Inline Thumb to ARM Veneer to vPortStartFirstTask 0x000036ad   Thumb Code     4  portasm.o(PORT_ASM)
    vPortStartFirstTask                      0x000036b0   ARM Code       0  portasm.o(PORT_ASM)
    vPortYield                               0x000036e0   ARM Code       0  portasm.o(PORT_ASM)
    vPortYieldProcessor                      0x000036e8   ARM Code       0  portasm.o(PORT_ASM)
    vPreemptiveTick                          0x00003774   ARM Code       0  portasm.o(PORT_ASM)
    Short Thumb to ARM Veneer to vPortYield  0x0000383d   Thumb Code     8  anon$$obj.o(Veneer$$Code)
    __ARM_common_call_via_r1                 0x00003845   Thumb Code     2  tasks.o(i.__ARM_common_call_via_r1)
    __ARM_common_call_via_r2                 0x00003847   Thumb Code     2  __printf.o(i.__ARM_common_call_via_r2)
    Inline Thumb to ARM Veneer to __ARM_common_disable_irq 0x00003849   Thumb Code     4  tasks.o(i.__ARM_common_disable_irq)
    __ARM_common_disable_irq                 0x0000384c   ARM Code      20  tasks.o(i.__ARM_common_disable_irq)
    Inline Thumb to ARM Veneer to __ARM_common_enable_irq 0x00003861   Thumb Code     4  port.o(i.__ARM_common_enable_irq)
    __ARM_common_enable_irq                  0x00003864   ARM Code      16  port.o(i.__ARM_common_enable_irq)
    Inline Thumb to ARM Veneer to __ARM_common_switch8 0x00003875   Thumb Code     4  tasks.o(i.__ARM_common_switch8)
    __ARM_common_switch8                     0x00003878   ARM Code      32  tasks.o(i.__ARM_common_switch8)
    Inline Thumb to ARM Veneer to __aeabi_fdiv 0x00003899   Thumb Code     4  fdiv.o(x$fpl$fdiv)
    __aeabi_fdiv                             0x0000389c   ARM Code       0  fdiv.o(x$fpl$fdiv)
    _fdiv                                    0x0000389c   ARM Code     396  fdiv.o(x$fpl$fdiv)
    __aeabi_i2f                              0x00003a2c   ARM Code       0  fflt_noclz.o(x$fpl$fflt)
    _fflt                                    0x00003a2c   ARM Code      92  fflt_noclz.o(x$fpl$fflt)
    __fflt_normalise                         0x00003a38   ARM Code       0  fflt_noclz.o(x$fpl$fflt)
    Inline Thumb to ARM Veneer to __aeabi_ui2f 0x00003a89   Thumb Code     4  fflt_noclz.o(x$fpl$ffltu)
    __aeabi_ui2f                             0x00003a8c   ARM Code       0  fflt_noclz.o(x$fpl$ffltu)
    _ffltu                                   0x00003a8c   ARM Code       8  fflt_noclz.o(x$fpl$ffltu)
    Inline Thumb to ARM Veneer to __aeabi_fmul 0x00003a95   Thumb Code     4  fmul.o(x$fpl$fmul)
    __aeabi_fmul                             0x00003a98   ARM Code       0  fmul.o(x$fpl$fmul)
    _fmul                                    0x00003a98   ARM Code     256  fmul.o(x$fpl$fmul)
    __fpl_fnaninf                            0x00003b98   ARM Code     168  fnaninf.o(x$fpl$fnaninf)
    __fpl_fretinf                            0x00003c40   ARM Code      16  fretinf.o(x$fpl$fretinf)
    Region$$Table$$Base                      0x00003c50   Number         0  anon$$obj.o(Region$$Table)
    __I$use$fp                               0x00003c50   Number         0  usenofp.o(x$fpl$usenofp)
    Region$$Table$$Limit                     0x00003c70   Number         0  anon$$obj.o(Region$$Table)
    PinConfig_array                          0x40000000   Data          90  gpio_cfg.o(.data)
    PinConfig_array_size                     0x4000005a   Data           2  gpio_cfg.o(.data)
    u32_gl_BTN1_in_time                      0x4000005c   Data           4  main.o(.data)
    u32_gl_BTN2_in_time                      0x40000060   Data           4  main.o(.data)
    u32_gl_UART_TRANSMITTER_in_time          0x40000064   Data           4  main.o(.data)
    u32_gl_RECIEVER_in_time                  0x40000068   Data           4  main.o(.data)
    u32_gl_T1_LOAD_in_time                   0x4000006c   Data           4  main.o(.data)
    u32_gl_T2_LOAD_in_time                   0x40000070   Data           4  main.o(.data)
    u32_gl_IDLE_TASK_in_time                 0x40000074   Data           4  main.o(.data)
    u32_gl_BTN1_out_time                     0x40000078   Data           4  main.o(.data)
    u32_gl_BTN2_out_time                     0x4000007c   Data           4  main.o(.data)
    u32_gl_UART_TRANSMITTER_out_time         0x40000080   Data           4  main.o(.data)
    u32_gl_RECIEVER_out_time                 0x40000084   Data           4  main.o(.data)
    u32_gl_T1_LOAD_out_time                  0x40000088   Data           4  main.o(.data)
    u32_gl_T2_LOAD_out_time                  0x4000008c   Data           4  main.o(.data)
    u32_gl_IDLE_TASK_out_time                0x40000090   Data           4  main.o(.data)
    u32_gl_BTN1_total_time                   0x40000094   Data           4  main.o(.data)
    u32_gl_BTN2_total_time                   0x40000098   Data           4  main.o(.data)
    u32_gl_UART_TRANSMITTER_total_time       0x4000009c   Data           4  main.o(.data)
    u32_gl_RECIEVER_total_time               0x400000a0   Data           4  main.o(.data)
    u32_gl_T1_LOAD_total_time                0x400000a4   Data           4  main.o(.data)
    u32_gl_T2_LOAD_total_time                0x400000a8   Data           4  main.o(.data)
    u32_gl_IDLE_TASK_total_time              0x400000ac   Data           4  main.o(.data)
    CPULoad                                  0x400000b0   Data           4  main.o(.data)
    TotalSystemTime                          0x400000b4   Data           4  main.o(.data)
    PeriodicTransmitterHandler               0x400000b8   Data           4  main.o(.data)
    UartReceiverHandler                      0x400000bc   Data           4  main.o(.data)
    btnOneEdgeScanningTask_Handler           0x400000c0   Data           4  main.o(.data)
    btnTwoEdgeScanningTask_Handler           0x400000c4   Data           4  main.o(.data)
    Load_1_Task_Handler                      0x400000c8   Data           4  main.o(.data)
    Load_2_Task_Handler                      0x400000cc   Data           4  main.o(.data)
    xUARTQueue                               0x400000d0   Data           4  main.o(.data)
    receivedChar                             0x400000d4   Data           1  serial.o(.data)
    isNewCharAvailable                       0x400000d5   Data           1  serial.o(.data)
    txDataSizeToSend                         0x400000d6   Data           1  serial.o(.data)
    txDataSizeLeftToSend                     0x400000d7   Data           1  serial.o(.data)
    pxCurrentTCB                             0x400000d8   Data           4  tasks.o(.data)
    ulCriticalNesting                        0x4000011c   Data           4  port.o(.data)
    txBuffer                                 0x40000138   Data         200  serial.o(.bss)
    __libspace_start                         0x400036c8   Data          96  libspace.o(.bss)
    __temporary_stack_top$libspace           0x40003728   Data           0  libspace.o(.bss)



==============================================================================

Memory Map of the image

  Image Entry point : 0x00000104

  Load Region LR_IROM1 (Base: 0x00000000, Size: 0x00003da8, Max: 0x00040000, ABSOLUTE, COMPRESSED[0x00003cd4])

    Execution Region ER_IROM1 (Exec base: 0x00000000, Load base: 0x00000000, Size: 0x00003c70, Max: 0x00040000, ABSOLUTE)

    Exec Addr    Load Addr    Size         Type   Attr      Idx    E Section Name        Object

    0x00000000   0x00000000   0x00000104   Code   RO            3    RESET               startup.o
    0x00000104   0x00000104   0x00000008   Code   RO          329  * !!!main             c_t.l(__main.o)
    0x0000010c   0x0000010c   0x0000003c   Code   RO          536    !!!scatter          c_t.l(__scatter.o)
    0x00000148   0x00000148   0x00000044   Code   RO          534    !!dczerorl          c_t.l(__dczerorl.o)
    0x0000018c   0x0000018c   0x0000002c   Code   RO          538    !!handler_zi        c_t.l(__scatter_zi.o)
    0x000001b8   0x000001b8   0x00000004   Ven    RO          302    .ARM.Collect$$_printf_percent$$00000000  c_t.l(_printf_percent.o)
    0x000001bc   0x000001bc   0x00000000   Code   RO          302    .ARM.Collect$$_printf_percent$$00000000  c_t.l(_printf_percent.o)
    0x000001bc   0x000001bc   0x00000008   Code   RO          301    .ARM.Collect$$_printf_percent$$0000000A  c_t.l(_printf_u.o)
    0x000001c4   0x000001c4   0x00000008   Code   RO          300    .ARM.Collect$$_printf_percent$$00000013  c_t.l(_printf_c.o)
    0x000001cc   0x000001cc   0x00000008   Code   RO          354    .ARM.Collect$$_printf_percent$$00000017  c_t.l(_printf_percent_end.o)
    0x000001d4   0x000001d4   0x00000008   Ven    RO          404    .ARM.Collect$$libinit$$00000000  c_t.l(libinit.o)
    0x000001dc   0x000001dc   0x00000002   Code   RO          404    .ARM.Collect$$libinit$$00000000  c_t.l(libinit.o)
    0x000001de   0x000001de   0x00000000   Code   RO          417    .ARM.Collect$$libinit$$00000002  c_t.l(libinit2.o)
    0x000001de   0x000001de   0x00000000   Code   RO          419    .ARM.Collect$$libinit$$00000004  c_t.l(libinit2.o)
    0x000001de   0x000001de   0x00000000   Code   RO          422    .ARM.Collect$$libinit$$0000000A  c_t.l(libinit2.o)
    0x000001de   0x000001de   0x00000000   Code   RO          424    .ARM.Collect$$libinit$$0000000C  c_t.l(libinit2.o)
    0x000001de   0x000001de   0x00000000   Code   RO          426    .ARM.Collect$$libinit$$0000000E  c_t.l(libinit2.o)
    0x000001de   0x000001de   0x00000000   Code   RO          429    .ARM.Collect$$libinit$$00000011  c_t.l(libinit2.o)
    0x000001de   0x000001de   0x00000000   Code   RO          431    .ARM.Collect$$libinit$$00000013  c_t.l(libinit2.o)
    0x000001de   0x000001de   0x00000000   Code   RO          433    .ARM.Collect$$libinit$$00000015  c_t.l(libinit2.o)
    0x000001de   0x000001de   0x00000000   Code   RO          435    .ARM.Collect$$libinit$$00000017  c_t.l(libinit2.o)
    0x000001de   0x000001de   0x00000000   Code   RO          437    .ARM.Collect$$libinit$$00000019  c_t.l(libinit2.o)
    0x000001de   0x000001de   0x00000000   Code   RO          439    .ARM.Collect$$libinit$$0000001B  c_t.l(libinit2.o)
    0x000001de   0x000001de   0x00000000   Code   RO          441    .ARM.Collect$$libinit$$0000001D  c_t.l(libinit2.o)
    0x000001de   0x000001de   0x00000000   Code   RO          443    .ARM.Collect$$libinit$$0000001F  c_t.l(libinit2.o)
    0x000001de   0x000001de   0x00000000   Code   RO          445    .ARM.Collect$$libinit$$00000021  c_t.l(libinit2.o)
    0x000001de   0x000001de   0x00000000   Code   RO          447    .ARM.Collect$$libinit$$00000023  c_t.l(libinit2.o)
    0x000001de   0x000001de   0x00000000   Code   RO          449    .ARM.Collect$$libinit$$00000025  c_t.l(libinit2.o)
    0x000001de   0x000001de   0x00000000   Code   RO          453    .ARM.Collect$$libinit$$0000002C  c_t.l(libinit2.o)
    0x000001de   0x000001de   0x00000000   Code   RO          455    .ARM.Collect$$libinit$$0000002E  c_t.l(libinit2.o)
    0x000001de   0x000001de   0x00000000   Code   RO          457    .ARM.Collect$$libinit$$00000030  c_t.l(libinit2.o)
    0x000001de   0x000001de   0x00000000   Code   RO          459    .ARM.Collect$$libinit$$00000032  c_t.l(libinit2.o)
    0x000001de   0x000001de   0x0000000c   Code   RO          460    .ARM.Collect$$libinit$$00000033  c_t.l(libinit2.o)
    0x000001ea   0x000001ea   0x00000002   PAD
    0x000001ec   0x000001ec   0x00000008   Ven    RO          491    .ARM.Collect$$libshutdown$$00000000  c_t.l(libshutdown.o)
    0x000001f4   0x000001f4   0x00000004   Code   RO          491    .ARM.Collect$$libshutdown$$00000000  c_t.l(libshutdown.o)
    0x000001f8   0x000001f8   0x00000000   Code   RO          517    .ARM.Collect$$libshutdown$$00000002  c_t.l(libshutdown2.o)
    0x000001f8   0x000001f8   0x00000000   Code   RO          519    .ARM.Collect$$libshutdown$$00000004  c_t.l(libshutdown2.o)
    0x000001f8   0x000001f8   0x00000000   Code   RO          522    .ARM.Collect$$libshutdown$$00000007  c_t.l(libshutdown2.o)
    0x000001f8   0x000001f8   0x00000000   Code   RO          525    .ARM.Collect$$libshutdown$$0000000A  c_t.l(libshutdown2.o)
    0x000001f8   0x000001f8   0x00000000   Code   RO          527    .ARM.Collect$$libshutdown$$0000000C  c_t.l(libshutdown2.o)
    0x000001f8   0x000001f8   0x00000000   Code   RO          530    .ARM.Collect$$libshutdown$$0000000F  c_t.l(libshutdown2.o)
    0x000001f8   0x000001f8   0x00000006   Code   RO          531    .ARM.Collect$$libshutdown$$00000010  c_t.l(libshutdown2.o)
    0x000001fe   0x000001fe   0x00000002   PAD
    0x00000200   0x00000200   0x00000000   Code   RO          341    .ARM.Collect$$rtentry$$00000000  c_t.l(__rtentry.o)
    0x00000200   0x00000200   0x00000000   Code   RO          367    .ARM.Collect$$rtentry$$00000002  c_t.l(__rtentry2.o)
    0x00000200   0x00000200   0x00000008   Code   RO          379    .ARM.Collect$$rtentry$$00000004  c_t.l(__rtentry4.o)
    0x00000208   0x00000208   0x00000000   Code   RO          369    .ARM.Collect$$rtentry$$00000009  c_t.l(__rtentry2.o)
    0x00000208   0x00000208   0x00000004   Code   RO          370    .ARM.Collect$$rtentry$$0000000A  c_t.l(__rtentry2.o)
    0x0000020c   0x0000020c   0x00000000   Code   RO          372    .ARM.Collect$$rtentry$$0000000C  c_t.l(__rtentry2.o)
    0x0000020c   0x0000020c   0x00000028   Code   RO          373    .ARM.Collect$$rtentry$$0000000D  c_t.l(__rtentry2.o)
    0x00000234   0x00000234   0x00000004   Ven    RO          408    .ARM.Collect$$rtexit$$00000000  c_t.l(rtexit.o)
    0x00000238   0x00000238   0x00000004   Code   RO          408    .ARM.Collect$$rtexit$$00000000  c_t.l(rtexit.o)
    0x0000023c   0x0000023c   0x00000000   Code   RO          464    .ARM.Collect$$rtexit$$00000002  c_t.l(rtexit2.o)
    0x0000023c   0x0000023c   0x00000004   Code   RO          465    .ARM.Collect$$rtexit$$00000003  c_t.l(rtexit2.o)
    0x00000240   0x00000240   0x00000008   Code   RO          466    .ARM.Collect$$rtexit$$00000004  c_t.l(rtexit2.o)
    0x00000248   0x00000248   0x00000020   Code   RO            4    .text               startup.o
    0x00000268   0x00000268   0x00000094   Code   RO           57    .text               serialisr.o
    0x000002fc   0x000002fc   0x00000190   Code   RO           60    .text               gpio.o
    0x0000048c   0x0000048c   0x000003c8   Code   RO           94    .text               main.o
    0x00000854   0x00000854   0x000001a0   Code   RO          150    .text               serial.o
    0x000009f4   0x000009f4   0x0000190c   Code   RO          173    .text               tasks.o
    0x00002300   0x00002300   0x00000098   Code   RO          204    .text               list.o
    0x00002398   0x00002398   0x000008fc   Code   RO          216    .text               queue.o
    0x00002c94   0x00002c94   0x00000158   Code   RO          231    .text               port.o
    0x00002dec   0x00002dec   0x00000130   Code   RO          248    .text               heap_2.o
    0x00002f1c   0x00002f1c   0x00000028   Code   RO          270    .text               c_t.l(noretval__2sprintf.o)
    0x00002f44   0x00002f44   0x00000076   Code   RO          272    .text               c_t.l(__printf.o)
    0x00002fba   0x00002fba   0x00000058   Code   RO          276    .text               c_t.l(_printf_str.o)
    0x00003012   0x00003012   0x00000002   PAD
    0x00003014   0x00003014   0x00000008   Ven    RO          278    .text               c_t.l(_printf_dec.o)
    0x0000301c   0x0000301c   0x00000070   Code   RO          278    .text               c_t.l(_printf_dec.o)
    0x0000308c   0x0000308c   0x00000050   Code   RO          303    .text               c_t.l(strcpy.o)
    0x000030dc   0x000030dc   0x00000044   Code   RO          305    .text               c_t.l(strlen.o)
    0x00003120   0x00003120   0x00000004   Ven    RO          307    .text               c_t.l(rt_memcpy.o)
    0x00003124   0x00003124   0x000000d4   Code   RO          307    .text               c_t.l(rt_memcpy.o)
    0x000031f8   0x000031f8   0x00000004   Ven    RO          309    .text               c_t.l(aeabi_memset.o)
    0x000031fc   0x000031fc   0x00000010   Code   RO          309    .text               c_t.l(aeabi_memset.o)
    0x0000320c   0x0000320c   0x00000180   Code   RO          311    .text               c_t.l(aeabi_sdiv.o)
    0x0000338c   0x0000338c   0x00000006   Code   RO          327    .text               c_t.l(heapauxi.o)
    0x00003392   0x00003392   0x000000ba   Code   RO          346    .text               c_t.l(_printf_intcommon.o)
    0x0000344c   0x0000344c   0x00000030   Code   RO          348    .text               c_t.l(_printf_char_common.o)
    0x0000347c   0x0000347c   0x0000000a   Code   RO          350    .text               c_t.l(_sputc.o)
    0x00003486   0x00003486   0x00000002   PAD
    0x00003488   0x00003488   0x00000008   Ven    RO          352    .text               c_t.l(_printf_char.o)
    0x00003490   0x00003490   0x00000032   Code   RO          352    .text               c_t.l(_printf_char.o)
    0x000034c2   0x000034c2   0x00000002   PAD
    0x000034c4   0x000034c4   0x00000064   Code   RO          355    .text               c_t.l(rt_memcpy_w.o)
    0x00003528   0x00003528   0x00000040   Code   RO          357    .text               c_t.l(rt_memclr.o)
    0x00003568   0x00003568   0x00000004   Ven    RO          359    .text               c_t.l(rtudiv10.o)
    0x0000356c   0x0000356c   0x0000002c   Code   RO          359    .text               c_t.l(rtudiv10.o)
    0x00003598   0x00003598   0x00000054   Code   RO          389    .text               c_t.l(rt_memclr_w.o)
    0x000035ec   0x000035ec   0x00000060   Code   RO          391    .text               c_t.l(sys_stackheap_outer.o)
    0x0000364c   0x0000364c   0x00000014   Code   RO          393    .text               c_t.l(exit.o)
    0x00003660   0x00003660   0x0000000c   Code   RO          405    .text               c_t.l(libspace.o)
    0x0000366c   0x0000366c   0x00000008   Ven    RO          461    .text               c_t.l(sys_exit.o)
    0x00003674   0x00003674   0x0000000c   Code   RO          461    .text               c_t.l(sys_exit.o)
    0x00003680   0x00003680   0x00000004   Code   RO          480    .text               c_t.l(use_no_semi.o)
    0x00003684   0x00003684   0x00000000   Code   RO          482    .text               c_t.l(indicate_semi.o)
    0x00003684   0x00003684   0x00000004   Ven    RO          312    .text_udiv          c_t.l(aeabi_sdiv.o)
    0x00003688   0x00003688   0x00000024   Code   RO          312    .text_udiv          c_t.l(aeabi_sdiv.o)
    0x000036ac   0x000036ac   0x00000004   Ven    RO          263    PORT_ASM            portasm.o
    0x000036b0   0x000036b0   0x0000018c   Code   RO          263    PORT_ASM            portasm.o
    0x0000383c   0x0000383c   0x00000008   Ven    RO          558    Veneer$$Code        anon$$obj.o
    0x00003844   0x00003844   0x00000002   Code   RO          188    i.__ARM_common_call_via_r1  tasks.o
    0x00003846   0x00003846   0x00000002   Code   RO          274    i.__ARM_common_call_via_r2  c_t.l(__printf.o)
    0x00003848   0x00003848   0x00000004   Ven    RO          190    i.__ARM_common_disable_irq  tasks.o
    0x0000384c   0x0000384c   0x00000014   Code   RO          190    i.__ARM_common_disable_irq  tasks.o
    0x00003860   0x00003860   0x00000004   Ven    RO          243    i.__ARM_common_enable_irq  port.o
    0x00003864   0x00003864   0x00000010   Code   RO          243    i.__ARM_common_enable_irq  port.o
    0x00003874   0x00003874   0x00000004   Ven    RO          186    i.__ARM_common_switch8  tasks.o
    0x00003878   0x00003878   0x00000020   Code   RO          186    i.__ARM_common_switch8  tasks.o
    0x00003898   0x00003898   0x00000004   Ven    RO          332    x$fpl$fdiv          fz_ts.l(fdiv.o)
    0x0000389c   0x0000389c   0x00000190   Code   RO          332    x$fpl$fdiv          fz_ts.l(fdiv.o)
    0x00003a2c   0x00003a2c   0x0000005c   Code   RO          336    x$fpl$fflt          fz_ts.l(fflt_noclz.o)
    0x00003a88   0x00003a88   0x00000004   Ven    RO          335    x$fpl$ffltu         fz_ts.l(fflt_noclz.o)
    0x00003a8c   0x00003a8c   0x00000008   Code   RO          335    x$fpl$ffltu         fz_ts.l(fflt_noclz.o)
    0x00003a94   0x00003a94   0x00000004   Ven    RO          339    x$fpl$fmul          fz_ts.l(fmul.o)
    0x00003a98   0x00003a98   0x00000100   Code   RO          339    x$fpl$fmul          fz_ts.l(fmul.o)
    0x00003b98   0x00003b98   0x000000a8   Code   RO          361    x$fpl$fnaninf       fz_ts.l(fnaninf.o)
    0x00003c40   0x00003c40   0x00000010   Code   RO          363    x$fpl$fretinf       fz_ts.l(fretinf.o)
    0x00003c50   0x00003c50   0x00000000   Code   RO          365    x$fpl$usenofp       fz_ts.l(usenofp.o)
    0x00003c50   0x00003c50   0x00000020   Data   RO          532    Region$$Table       anon$$obj.o


    Execution Region RW_IRAM1 (Exec base: 0x40000000, Load base: 0x00003c70, Size: 0x00003d48, Max: 0x00004000, ABSOLUTE, COMPRESSED[0x00000064])

    Exec Addr    Load Addr    Size         Type   Attr      Idx    E Section Name        Object

    0x40000000   COMPRESSED   0x0000005c   Data   RW           82    .data               gpio_cfg.o
    0x4000005c   COMPRESSED   0x00000078   Data   RW           95    .data               main.o
    0x400000d4   COMPRESSED   0x00000004   Data   RW          152    .data               serial.o
    0x400000d8   COMPRESSED   0x00000044   Data   RW          175    .data               tasks.o
    0x4000011c   COMPRESSED   0x00000004   Data   RW          232    .data               port.o
    0x40000120   COMPRESSED   0x00000018   Data   RW          250    .data               heap_2.o
    0x40000138        -       0x000000c8   Zero   RW          151    .bss                serial.o
    0x40000200        -       0x000000c8   Zero   RW          174    .bss                tasks.o
    0x400002c8        -       0x00003400   Zero   RW          249    .bss                heap_2.o
    0x400036c8        -       0x00000060   Zero   RW          406    .bss                c_t.l(libspace.o)
    0x40003728        -       0x00000000   Zero   RW            2    HEAP                startup.o
    0x40003728        -       0x00000620   Zero   RW            1    STACK               startup.o


==============================================================================

Image component sizes


      Code (inc. data)   RO Data    RW Data    ZI Data      Debug   Object Name

       400         14          0          0          0       2005   gpio.o
         0          0          0         92          0       1179   gpio_cfg.o
       304         26          0         24      13312       3320   heap_2.o
       152          0          0          0          0       1894   list.o
       968        304          0        120          0      15815   main.o
         0          0          0          0          0       8056   partest.o
       360         76          0          4          0       3139   port.o
       396         24          0          0          0        376   portasm.o
      2300          0          0          0          0      15911   queue.o
       416         48          0          4        200       3846   serial.o
       148         12          0          0          0        284   serialisr.o
       292         60          0          0       1568        692   startup.o
      6466        564          0         68        200      31513   tasks.o

    ----------------------------------------------------------------------
     12226       1128         32        312      15280      88030   Object Totals
        24          0         32          0          0          0   (incl. Generated)
         0          0          0          0          0          0   (incl. Padding)

    ----------------------------------------------------------------------

      Code (inc. data)   RO Data    RW Data    ZI Data      Debug   Library Member Name

        68          2          0          0          0          0   __dczerorl.o
         8          0          0          0          0         68   __main.o
       120          0          0          0          0        148   __printf.o
         0          0          0          0          0          0   __rtentry.o
        44          4          0          0          0          0   __rtentry2.o
         8          0          0          0          0          0   __rtentry4.o
        60          8          0          0          0          0   __scatter.o
        44          0          0          0          0          0   __scatter_zi.o
         8          0          0          0          0          0   _printf_c.o
        58          0          0          0          0        112   _printf_char.o
        48          4          0          0          0         96   _printf_char_common.o
       120         18          0          0          0         88   _printf_dec.o
       186          0          0          0          0         96   _printf_intcommon.o
         4          0          0          0          0          0   _printf_percent.o
         8          0          0          0          0          0   _printf_percent_end.o
        88          0          0          0          0         84   _printf_str.o
         8          0          0          0          0          0   _printf_u.o
        10          0          0          0          0         60   _sputc.o
        20          0          0          0          0         68   aeabi_memset.o
       424          0          0          0          0        148   aeabi_sdiv.o
        20          0          0          0          0         80   exit.o
         6          0          0          0          0        136   heapauxi.o
         0          0          0          0          0          0   indicate_semi.o
        10          0          0          0          0          0   libinit.o
        12          0          0          0          0          0   libinit2.o
        12          0          0          0          0          0   libshutdown.o
         6          0          0          0          0          0   libshutdown2.o
        12          4          0          0         96         68   libspace.o
        40          4          0          0          0         84   noretval__2sprintf.o
        64          0          0          0          0         68   rt_memclr.o
        84          0          0          0          0         80   rt_memclr_w.o
       216          0          0          0          0         68   rt_memcpy.o
       100          0          0          0          0         80   rt_memcpy_w.o
         8          0          0          0          0          0   rtexit.o
        12          0          0          0          0          0   rtexit2.o
        48          0          0          0          0         68   rtudiv10.o
        80          6          0          0          0         76   strcpy.o
        68          4          0          0          0         76   strlen.o
        20          4          0          0          0         60   sys_exit.o
        96          0          0          0          0         80   sys_stackheap_outer.o
         4          0          0          0          0         68   use_no_semi.o
       404         76          0          0          0         96   fdiv.o
       104          0          0          0          0        136   fflt_noclz.o
       260          4          0          0          0         84   fmul.o
       168          0          0          0          0         96   fnaninf.o
        16          0          0          0          0         68   fretinf.o
         0          0          0          0          0          0   usenofp.o

    ----------------------------------------------------------------------
      3214        138          0          0         96       2540   Library Totals
        10          0          0          0          0          0   (incl. Padding)

    ----------------------------------------------------------------------

      Code (inc. data)   RO Data    RW Data    ZI Data      Debug   Library Name

      2252         58          0          0         96       2060   c_t.l
       952         80          0          0          0        480   fz_ts.l

    ----------------------------------------------------------------------
      3214        138          0          0         96       2540   Library Totals

    ----------------------------------------------------------------------

==============================================================================


      Code (inc. data)   RO Data    RW Data    ZI Data      Debug   

     15440       1266         32        312      15376      88510   Grand Totals
     15440       1266         32        100      15376      88510   ELF Image Totals (compressed)
     15440       1266         32        100          0          0   ROM Totals

==============================================================================

    Total RO  Size (Code + RO Data)                15472 (  15.11kB)
    Total RW  Size (RW Data + ZI Data)             15688 (  15.32kB)
    Total ROM Size (Code + RO Data + RW Data)      15572 (  15.21kB)

==============================================================================

